Archive member included to satisfy reference by file (symbol)

C:/Users/kentc/.pico-sdk/toolchain/13_2_Rel1/bin/../lib/gcc/arm-none-eabi/13.2.1/thumb/v6-m/nofp\libgcc.a(_dvmd_tls.o)
                              CMakeFiles/TCD1304.dir/C_/Users/kentc/.pico-sdk/sdk/2.0.0/src/rp2_common/pico_divider/divider_hardware.S.obj (__aeabi_idiv0)
C:/Users/kentc/.pico-sdk/toolchain/13_2_Rel1/bin/../lib/gcc/arm-none-eabi/13.2.1/thumb/v6-m/nofp\libg.a(libc_a-calloc.o)
                              CMakeFiles/TCD1304.dir/C_/Users/kentc/.pico-sdk/sdk/2.0.0/src/rp2_common/pico_malloc/malloc.c.obj (calloc)
C:/Users/kentc/.pico-sdk/toolchain/13_2_Rel1/bin/../lib/gcc/arm-none-eabi/13.2.1/thumb/v6-m/nofp\libg.a(libc_a-callocr.o)
                              C:/Users/kentc/.pico-sdk/toolchain/13_2_Rel1/bin/../lib/gcc/arm-none-eabi/13.2.1/thumb/v6-m/nofp\libg.a(libc_a-calloc.o) (_calloc_r)
C:/Users/kentc/.pico-sdk/toolchain/13_2_Rel1/bin/../lib/gcc/arm-none-eabi/13.2.1/thumb/v6-m/nofp\libg.a(libc_a-malloc.o)
                              CMakeFiles/TCD1304.dir/C_/Users/kentc/.pico-sdk/sdk/2.0.0/src/rp2_common/pico_malloc/malloc.c.obj (malloc)
C:/Users/kentc/.pico-sdk/toolchain/13_2_Rel1/bin/../lib/gcc/arm-none-eabi/13.2.1/thumb/v6-m/nofp\libg.a(libc_a-mallocr.o)
                              C:/Users/kentc/.pico-sdk/toolchain/13_2_Rel1/bin/../lib/gcc/arm-none-eabi/13.2.1/thumb/v6-m/nofp\libg.a(libc_a-callocr.o) (_malloc_r)
C:/Users/kentc/.pico-sdk/toolchain/13_2_Rel1/bin/../lib/gcc/arm-none-eabi/13.2.1/thumb/v6-m/nofp\libg.a(libc_a-mlock.o)
                              C:/Users/kentc/.pico-sdk/toolchain/13_2_Rel1/bin/../lib/gcc/arm-none-eabi/13.2.1/thumb/v6-m/nofp\libg.a(libc_a-mallocr.o) (__malloc_lock)
C:/Users/kentc/.pico-sdk/toolchain/13_2_Rel1/bin/../lib/gcc/arm-none-eabi/13.2.1/thumb/v6-m/nofp\libg.a(libc_a-realloc.o)
                              CMakeFiles/TCD1304.dir/C_/Users/kentc/.pico-sdk/sdk/2.0.0/src/rp2_common/pico_malloc/malloc.c.obj (realloc)
C:/Users/kentc/.pico-sdk/toolchain/13_2_Rel1/bin/../lib/gcc/arm-none-eabi/13.2.1/thumb/v6-m/nofp\libg.a(libc_a-reallocr.o)
                              C:/Users/kentc/.pico-sdk/toolchain/13_2_Rel1/bin/../lib/gcc/arm-none-eabi/13.2.1/thumb/v6-m/nofp\libg.a(libc_a-realloc.o) (_realloc_r)
C:/Users/kentc/.pico-sdk/toolchain/13_2_Rel1/bin/../lib/gcc/arm-none-eabi/13.2.1/thumb/v6-m/nofp\libg.a(libc_a-memcmp.o)
                              CMakeFiles/TCD1304.dir/C_/Users/kentc/.pico-sdk/sdk/2.0.0/src/rp2_common/pico_atomic/atomic.c.obj (memcmp)
C:/Users/kentc/.pico-sdk/toolchain/13_2_Rel1/bin/../lib/gcc/arm-none-eabi/13.2.1/thumb/v6-m/nofp\libg.a(libc_a-memmove.o)
                              C:/Users/kentc/.pico-sdk/toolchain/13_2_Rel1/bin/../lib/gcc/arm-none-eabi/13.2.1/thumb/v6-m/nofp\libg.a(libc_a-reallocr.o) (memmove)
C:/Users/kentc/.pico-sdk/toolchain/13_2_Rel1/bin/../lib/gcc/arm-none-eabi/13.2.1/thumb/v6-m/nofp\libg.a(libc_a-lcltime_r.o)
                              CMakeFiles/TCD1304.dir/C_/Users/kentc/.pico-sdk/sdk/2.0.0/src/common/pico_util/datetime.c.obj (localtime_r)
C:/Users/kentc/.pico-sdk/toolchain/13_2_Rel1/bin/../lib/gcc/arm-none-eabi/13.2.1/thumb/v6-m/nofp\libg.a(libc_a-mktime.o)
                              CMakeFiles/TCD1304.dir/C_/Users/kentc/.pico-sdk/sdk/2.0.0/src/common/pico_util/datetime.c.obj (mktime)
C:/Users/kentc/.pico-sdk/toolchain/13_2_Rel1/bin/../lib/gcc/arm-none-eabi/13.2.1/thumb/v6-m/nofp\libg.a(libc_a-month_lengths.o)
                              C:/Users/kentc/.pico-sdk/toolchain/13_2_Rel1/bin/../lib/gcc/arm-none-eabi/13.2.1/thumb/v6-m/nofp\libg.a(libc_a-lcltime_r.o) (__month_lengths)
C:/Users/kentc/.pico-sdk/toolchain/13_2_Rel1/bin/../lib/gcc/arm-none-eabi/13.2.1/thumb/v6-m/nofp\libg.a(libc_a-tzcalc_limits.o)
                              C:/Users/kentc/.pico-sdk/toolchain/13_2_Rel1/bin/../lib/gcc/arm-none-eabi/13.2.1/thumb/v6-m/nofp\libg.a(libc_a-lcltime_r.o) (__tzcalc_limits)
C:/Users/kentc/.pico-sdk/toolchain/13_2_Rel1/bin/../lib/gcc/arm-none-eabi/13.2.1/thumb/v6-m/nofp\libg.a(libc_a-tzlock.o)
                              C:/Users/kentc/.pico-sdk/toolchain/13_2_Rel1/bin/../lib/gcc/arm-none-eabi/13.2.1/thumb/v6-m/nofp\libg.a(libc_a-lcltime_r.o) (__tz_lock)
C:/Users/kentc/.pico-sdk/toolchain/13_2_Rel1/bin/../lib/gcc/arm-none-eabi/13.2.1/thumb/v6-m/nofp\libg.a(libc_a-tzset.o)
                              C:/Users/kentc/.pico-sdk/toolchain/13_2_Rel1/bin/../lib/gcc/arm-none-eabi/13.2.1/thumb/v6-m/nofp\libg.a(libc_a-lcltime_r.o) (_tzset_unlocked)
C:/Users/kentc/.pico-sdk/toolchain/13_2_Rel1/bin/../lib/gcc/arm-none-eabi/13.2.1/thumb/v6-m/nofp\libg.a(libc_a-tzset_r.o)
                              C:/Users/kentc/.pico-sdk/toolchain/13_2_Rel1/bin/../lib/gcc/arm-none-eabi/13.2.1/thumb/v6-m/nofp\libg.a(libc_a-tzset.o) (_tzset_unlocked_r)
C:/Users/kentc/.pico-sdk/toolchain/13_2_Rel1/bin/../lib/gcc/arm-none-eabi/13.2.1/thumb/v6-m/nofp\libg.a(libc_a-tzvars.o)
[...]
Memory Configuration

Name             Origin             Length             Attributes
FLASH            0x10000000         0x01000000         xr
RAM              0x20000000         0x00040000         xrw
SCRATCH_X        0x20040000         0x00001000         xrw
SCRATCH_Y        0x20041000         0x00001000         xrw
*default*        0x00000000         0xffffffff

Linker script and memory map

LOAD C:/Users/kentc/.pico-sdk/toolchain/13_2_Rel1/bin/../lib/gcc/arm-none-eabi/13.2.1/thumb/v6-m/nofp/crti.o
LOAD C:/Users/kentc/.pico-sdk/toolchain/13_2_Rel1/bin/../lib/gcc/arm-none-eabi/13.2.1/thumb/v6-m/nofp/crtbegin.o
LOAD C:/Users/kentc/.pico-sdk/toolchain/13_2_Rel1/bin/../lib/gcc/arm-none-eabi/13.2.1/thumb/v6-m/nofp/crt0.o

.flash_begin    0x10000000        0x0
                0x10000000                        __flash_binary_start = .

.boot2          0x10000000      0x100
                0x10000000                        __boot2_start__ = .
 *(.boot2)
 .boot2         0x10000000      0x100 C:\Users\kentc\AppData\Local\Temp\ccg1ydKl.o
                0x10000100                        __boot2_end__ = .
                0x00000001                        ASSERT (((__boot2_end__ - __boot2_start__) == 0x100), ERROR: Pico second stage bootloader must be 256 bytes in size)

.text           0x10000100     0x68a4
                0x10000100                        __logical_binary_start = .
 *(.vectors)
 .vectors       0x10000100       0xd4 CMakeFiles/TCD1304.dir/C_/Users/kentc/.pico-sdk/sdk/2.0.0/src/rp2_common/pico_crt0/crt0.S.obj
                0x10000100                __VECTOR_TABLE
                0x10000100                __vectors
                0x100001c0                isr_invalid
                0x100001c0                __default_isrs_start
                0x100001c2                isr_nmi
                0x100001c4                isr_hardfault
                0x100001c6                isr_svcall
                0x100001c8                isr_pendsv
                0x100001ca                isr_systick
                0x100001cc                isr_irq23
                0x100001cc                isr_irq18
                0x100001cc                isr_irq11
                0x100001cc                isr_irq28
                0x100001cc                isr_irq19
                0x100001cc                isr_irq0
                0x100001cc                isr_irq6
                0x100001cc                isr_irq5
                0x100001cc                isr_irq12
                0x100001cc                isr_irq22
                0x100001cc                isr_irq31
                0x100001cc                isr_irq17
                0x100001cc                isr_irq27
                0x100001cc                isr_irq30
                0x100001cc                isr_irq2
                0x100001cc                isr_irq10
                0x100001cc                isr_irq8
                0x100001cc                isr_irq24
                0x100001cc                isr_irq1
                0x100001cc                isr_irq7
                0x100001cc                isr_irq21
                0x100001cc                isr_irq20
                0x100001cc                isr_irq15
                0x100001cc                isr_irq25
                0x100001cc                isr_irq13
                0x100001cc                __unhandled_user_irq
                0x100001cc                isr_irq4
                0x100001cc                isr_irq16
                0x100001cc                isr_irq29
                0x100001cc                isr_irq26
                0x100001cc                __default_isrs_end
                0x100001cc                isr_irq3
                0x100001cc                isr_irq14
                0x100001cc                isr_irq9
                0x100001d2                unhandled_user_irq_num_in_r0
 *(.binary_info_header)
 .binary_info_header
                0x100001d4       0x14 CMakeFiles/TCD1304.dir/C_/Users/kentc/.pico-sdk/sdk/2.0.0/src/rp2_common/pico_crt0/crt0.S.obj
                0x100001e8                        __binary_info_header_end = .
 *(.embedded_block)
                0x100001e8                        __embedded_block_end = .
 *(.reset)
 .reset         0x100001e8       0x9c CMakeFiles/TCD1304.dir/C_/Users/kentc/.pico-sdk/sdk/2.0.0/src/rp2_common/pico_crt0/crt0.S.obj
                0x100001e8                _entry_point
 *(.init)
 .init          0x10000284        0x4 C:/Users/kentc/.pico-sdk/toolchain/13_2_Rel1/bin/../lib/gcc/arm-none-eabi/13.2.1/thumb/v6-m/nofp/crti.o
                0x10000284                _init
 *(EXCLUDE_FILE(*libm.a: *libc.a:*lib_a-mem*.o *libgcc.a:) .text*)
 .text.register_tm_clones
                0x10000288       0x28 C:/Users/kentc/.pico-sdk/toolchain/13_2_Rel1/bin/../lib/gcc/arm-none-eabi/13.2.1/thumb/v6-m/nofp/crtbegin.o
 .text.frame_dummy
                0x100002b0       0x24 C:/Users/kentc/.pico-sdk/toolchain/13_2_Rel1/bin/../lib/gcc/arm-none-eabi/13.2.1/thumb/v6-m/nofp/crtbegin.o
 .text.setup_pwm
                0x100002d4       0x5c CMakeFiles/TCD1304.dir/TCD1304.c.obj
                0x100002d4                setup_pwm
 .text.startup.main
                0x10000330      0x20c CMakeFiles/TCD1304.dir/TCD1304.c.obj
                0x10000330                main
 .text.gpio_set_function
                0x1000053c       0x34 CMakeFiles/TCD1304.dir/C_/Users/kentc/.pico-sdk/sdk/2.0.0/src/rp2_common/hardware_gpio/gpio.c.obj
                0x1000053c                gpio_set_function
 .text.gpio_set_pulls
                0x10000570       0x28 CMakeFiles/TCD1304.dir/C_/Users/kentc/.pico-sdk/sdk/2.0.0/src/rp2_common/hardware_gpio/gpio.c.obj
                0x10000570                gpio_set_pulls
 .text.gpio_set_input_enabled
                0x10000598       0x28 CMakeFiles/TCD1304.dir/C_/Users/kentc/.pico-sdk/sdk/2.0.0/src/rp2_common/hardware_gpio/gpio.c.obj
                0x10000598                gpio_set_input_enabled
 .text.gpio_init
                0x100005c0       0x40 CMakeFiles/TCD1304.dir/C_/Users/kentc/.pico-sdk/sdk/2.0.0/src/rp2_common/hardware_gpio/gpio.c.obj
                0x100005c0                gpio_init
 .text.rp2040_chip_version
                0x10000600        0xc CMakeFiles/TCD1304.dir/C_/Users/kentc/.pico-sdk/sdk/2.0.0/src/rp2040/pico_platform/platform.c.obj
                0x10000600                rp2040_chip_version
 .text.panic    0x1000060c       0x30 CMakeFiles/TCD1304.dir/C_/Users/kentc/.pico-sdk/sdk/2.0.0/src/rp2_common/pico_platform_panic/panic.c.obj
                0x1000060c                panic
 .text.hw_claim_or_assert
                0x1000063c       0x44 CMakeFiles/TCD1304.dir/C_/Users/kentc/.pico-sdk/sdk/2.0.0/src/common/hardware_claim/claim.c.obj
                0x1000063c                hw_claim_or_assert
 .text.hw_claim_unused_from_range
                0x10000680       0x9c CMakeFiles/TCD1304.dir/C_/Users/kentc/.pico-sdk/sdk/2.0.0/src/common/hardware_claim/claim.c.obj
                0x10000680                hw_claim_unused_from_range
 .text.next_striped_spin_lock_num
                0x1000071c       0x18 CMakeFiles/TCD1304.dir/C_/Users/kentc/.pico-sdk/sdk/2.0.0/src/rp2_common/hardware_sync/sync.c.obj
                0x1000071c                next_striped_spin_lock_num
 .text.spin_lock_claim_unused
                0x10000734       0x24 CMakeFiles/TCD1304.dir/C_/Users/kentc/.pico-sdk/sdk/2.0.0/src/rp2_common/hardware_sync/sync.c.obj
                0x10000734                spin_lock_claim_unused
 .text.spin_locks_reset
                0x10000758       0x1c CMakeFiles/TCD1304.dir/C_/Users/kentc/.pico-sdk/sdk/2.0.0/src/rp2_common/hardware_sync_spin_lock/sync_spin_lock.c.obj
                0x10000758                spin_locks_reset
 .text.runtime_init_per_core_irq_priorities
                0x10000774       0x24 CMakeFiles/TCD1304.dir/C_/Users/kentc/.pico-sdk/sdk/2.0.0/src/rp2_common/hardware_irq/irq.c.obj
                0x10000774                runtime_init_per_core_irq_priorities
 .text.irq_set_enabled
                0x10000798       0x24 CMakeFiles/TCD1304.dir/C_/Users/kentc/.pico-sdk/sdk/2.0.0/src/rp2_common/hardware_irq/irq.c.obj
                0x10000798                irq_set_enabled
 .text.irq_is_enabled
                0x100007bc       0x18 CMakeFiles/TCD1304.dir/C_/Users/kentc/.pico-sdk/sdk/2.0.0/src/rp2_common/hardware_irq/irq.c.obj
                0x100007bc                irq_is_enabled
 .text.irq_set_pending
                0x100007d4       0x10 CMakeFiles/TCD1304.dir/C_/Users/kentc/.pico-sdk/sdk/2.0.0/src/rp2_common/hardware_irq/irq.c.obj
                0x100007d4                irq_set_pending
 .text.irq_has_shared_handler
                0x100007e4       0x2c CMakeFiles/TCD1304.dir/C_/Users/kentc/.pico-sdk/sdk/2.0.0/src/rp2_common/hardware_irq/irq.c.obj
                0x100007e4                irq_has_shared_handler
 .text.irq_set_exclusive_handler
                0x10000810       0x54 CMakeFiles/TCD1304.dir/C_/Users/kentc/.pico-sdk/sdk/2.0.0/src/rp2_common/hardware_irq/irq.c.obj
                0x10000810                irq_set_exclusive_handler
 .text.irq_add_shared_handler
                0x10000864      0x1f4 CMakeFiles/TCD1304.dir/C_/Users/kentc/.pico-sdk/sdk/2.0.0/src/rp2_common/hardware_irq/irq.c.obj
                0x10000864                irq_add_shared_handler
 .text.irq_add_tail_to_free_list
                0x10000a58       0xb4 CMakeFiles/TCD1304.dir/C_/Users/kentc/.pico-sdk/sdk/2.0.0/src/rp2_common/hardware_irq/irq.c.obj
                0x10000a58                irq_add_tail_to_free_list
 .text.user_irq_claim_unused
                0x10000b0c       0x2c CMakeFiles/TCD1304.dir/C_/Users/kentc/.pico-sdk/sdk/2.0.0/src/rp2_common/hardware_irq/irq.c.obj
                0x10000b0c                user_irq_claim_unused
 .text.lock_init
                0x10000b38       0x10 CMakeFiles/TCD1304.dir/C_/Users/kentc/.pico-sdk/sdk/2.0.0/src/common/pico_sync/lock_core.c.obj
                0x10000b38                lock_init
 .text.runtime_init_mutex
                0x10000b48       0x50 CMakeFiles/TCD1304.dir/C_/Users/kentc/.pico-sdk/sdk/2.0.0/src/common/pico_sync/mutex.c.obj
                0x10000b48                runtime_init_mutex
 .text.mutex_init
                0x10000b98       0x1c CMakeFiles/TCD1304.dir/C_/Users/kentc/.pico-sdk/sdk/2.0.0/src/common/pico_sync/mutex.c.obj
                0x10000b98                mutex_init
 .text.critical_section_init
                0x10000bb4       0x1c CMakeFiles/TCD1304.dir/C_/Users/kentc/.pico-sdk/sdk/2.0.0/src/common/pico_sync/critical_section.c.obj
                0x10000bb4                critical_section_init
 .text.critical_section_init_with_lock_num
                0x10000bd0       0x14 CMakeFiles/TCD1304.dir/C_/Users/kentc/.pico-sdk/sdk/2.0.0/src/common/pico_sync/critical_section.c.obj
                0x10000bd0                critical_section_init_with_lock_num
 .text.sleep_until_callback
                0x10000be4       0x30 CMakeFiles/TCD1304.dir/C_/Users/kentc/.pico-sdk/sdk/2.0.0/src/common/pico_time/time.c.obj
 .text.alarm_pool_irq_handler
                0x10000c14      0x2e4 CMakeFiles/TCD1304.dir/C_/Users/kentc/.pico-sdk/sdk/2.0.0/src/common/pico_time/time.c.obj
 .text.runtime_init_default_alarm_pool
                0x10000ef8       0xdc CMakeFiles/TCD1304.dir/C_/Users/kentc/.pico-sdk/sdk/2.0.0/src/common/pico_time/time.c.obj
                0x10000ef8                runtime_init_default_alarm_pool
 .text.alarm_pool_get_default
                0x10000fd4        0x8 CMakeFiles/TCD1304.dir/C_/Users/kentc/.pico-sdk/sdk/2.0.0/src/common/pico_time/time.c.obj
                0x10000fd4                alarm_pool_get_default
 .text.alarm_pool_add_alarm_at
                0x10000fdc       0xd4 CMakeFiles/TCD1304.dir/C_/Users/kentc/.pico-sdk/sdk/2.0.0/src/common/pico_time/time.c.obj
                0x10000fdc                alarm_pool_add_alarm_at
 .text.alarm_pool_add_alarm_at_force_in_context
                0x100010b0       0xb0 CMakeFiles/TCD1304.dir/C_/Users/kentc/.pico-sdk/sdk/2.0.0/src/common/pico_time/time.c.obj
                0x100010b0                alarm_pool_add_alarm_at_force_in_context
 .text.alarm_pool_cancel_alarm
                0x10001160       0x74 CMakeFiles/TCD1304.dir/C_/Users/kentc/.pico-sdk/sdk/2.0.0/src/common/pico_time/time.c.obj
                0x10001160                alarm_pool_cancel_alarm
 .text.alarm_pool_core_num
                0x100011d4        0x4 CMakeFiles/TCD1304.dir/C_/Users/kentc/.pico-sdk/sdk/2.0.0/src/common/pico_time/time.c.obj
                0x100011d4                alarm_pool_core_num
 .text.sleep_until
                0x100011d8       0xd8 CMakeFiles/TCD1304.dir/C_/Users/kentc/.pico-sdk/sdk/2.0.0/src/common/pico_time/time.c.obj
                0x100011d8                sleep_until
 .text.sleep_ms
                0x100012b0       0x38 CMakeFiles/TCD1304.dir/C_/Users/kentc/.pico-sdk/sdk/2.0.0/src/common/pico_time/time.c.obj
                0x100012b0                sleep_ms
 .text.best_effort_wfe_or_timeout
                0x100012e8      0x134 CMakeFiles/TCD1304.dir/C_/Users/kentc/.pico-sdk/sdk/2.0.0/src/common/pico_time/time.c.obj
                0x100012e8                best_effort_wfe_or_timeout
 .text.timer_hardware_alarm_claim
                0x1000141c       0x14 CMakeFiles/TCD1304.dir/C_/Users/kentc/.pico-sdk/sdk/2.0.0/src/rp2_common/hardware_timer/timer.c.obj
                0x1000141c                timer_hardware_alarm_claim
 .text.timer_time_us_64
                0x10001430       0x10 CMakeFiles/TCD1304.dir/C_/Users/kentc/.pico-sdk/sdk/2.0.0/src/rp2_common/hardware_timer/timer.c.obj
                0x10001430                timer_time_us_64
 .text.time_us_64
                0x10001440       0x14 CMakeFiles/TCD1304.dir/C_/Users/kentc/.pico-sdk/sdk/2.0.0/src/rp2_common/hardware_timer/timer.c.obj
                0x10001440                time_us_64
 .text.busy_wait_us_32
                0x10001454       0x7c CMakeFiles/TCD1304.dir/C_/Users/kentc/.pico-sdk/sdk/2.0.0/src/rp2_common/hardware_timer/timer.c.obj
                0x10001454                busy_wait_us_32
 .text.busy_wait_until
                0x100014d0       0x20 CMakeFiles/TCD1304.dir/C_/Users/kentc/.pico-sdk/sdk/2.0.0/src/rp2_common/hardware_timer/timer.c.obj
                0x100014d0                busy_wait_until
 .text.clock_configure_int_divider
                0x100014f0       0xf4 CMakeFiles/TCD1304.dir/C_/Users/kentc/.pico-sdk/sdk/2.0.0/src/rp2_common/hardware_clocks/clocks.c.obj
                0x100014f0                clock_configure_int_divider
 .text.clock_configure_undivided
                0x100015e4       0xe8 CMakeFiles/TCD1304.dir/C_/Users/kentc/.pico-sdk/sdk/2.0.0/src/rp2_common/hardware_clocks/clocks.c.obj
                0x100015e4                clock_configure_undivided
 .text.clock_get_hz
                0x100016cc        0xc CMakeFiles/TCD1304.dir/C_/Users/kentc/.pico-sdk/sdk/2.0.0/src/rp2_common/hardware_clocks/clocks.c.obj
                0x100016cc                clock_get_hz
 .text.set_sys_clock_pll
                0x100016d8      0x1b8 CMakeFiles/TCD1304.dir/C_/Users/kentc/.pico-sdk/sdk/2.0.0/src/rp2_common/hardware_clocks/clocks.c.obj
                0x100016d8                set_sys_clock_pll
 .text.check_sys_clock_khz
                0x10001890      0x234 CMakeFiles/TCD1304.dir/C_/Users/kentc/.pico-sdk/sdk/2.0.0/src/rp2_common/hardware_clocks/clocks.c.obj
                0x10001890                check_sys_clock_khz
 .text.pll_init
                0x10001ac4       0xa4 CMakeFiles/TCD1304.dir/C_/Users/kentc/.pico-sdk/sdk/2.0.0/src/rp2_common/hardware_pll/pll.c.obj
                0x10001ac4                pll_init
 .text.watchdog_reboot
                0x10001b68       0x9c CMakeFiles/TCD1304.dir/C_/Users/kentc/.pico-sdk/sdk/2.0.0/src/rp2_common/hardware_watchdog/watchdog.c.obj
                0x10001b68                watchdog_reboot
 .text.tick_start
                0x10001c04       0x10 CMakeFiles/TCD1304.dir/C_/Users/kentc/.pico-sdk/sdk/2.0.0/src/rp2_common/hardware_ticks/ticks.c.obj
                0x10001c04                tick_start
 .text.xosc_init
                0x10001c14       0x28 CMakeFiles/TCD1304.dir/C_/Users/kentc/.pico-sdk/sdk/2.0.0/src/rp2_common/hardware_xosc/xosc.c.obj
                0x10001c14                xosc_init
 .text.first_per_core_initializer
                0x10001c3c        0x4 CMakeFiles/TCD1304.dir/C_/Users/kentc/.pico-sdk/sdk/2.0.0/src/rp2_common/pico_runtime/runtime.c.obj
 .text.hard_assertion_failure
                0x10001c40        0xc CMakeFiles/TCD1304.dir/C_/Users/kentc/.pico-sdk/sdk/2.0.0/src/rp2_common/pico_runtime/runtime.c.obj
                0x10001c40                hard_assertion_failure
 .text.runtime_run_initializers
                0x10001c4c       0x28 CMakeFiles/TCD1304.dir/C_/Users/kentc/.pico-sdk/sdk/2.0.0/src/rp2_common/pico_runtime/runtime.c.obj
                0x10001c4c                runtime_run_initializers
 .text.runtime_init_early_resets
                0x10001c74       0x2c CMakeFiles/TCD1304.dir/C_/Users/kentc/.pico-sdk/sdk/2.0.0/src/rp2_common/pico_runtime_init/runtime_init.c.obj
                0x10001c74                runtime_init_early_resets
 .text.runtime_init_usb_power_down
                0x10001ca0       0x1c CMakeFiles/TCD1304.dir/C_/Users/kentc/.pico-sdk/sdk/2.0.0/src/rp2_common/pico_runtime_init/runtime_init.c.obj
                0x10001ca0                runtime_init_usb_power_down
 .text.runtime_init_post_clock_resets
                0x10001cbc       0x20 CMakeFiles/TCD1304.dir/C_/Users/kentc/.pico-sdk/sdk/2.0.0/src/rp2_common/pico_runtime_init/runtime_init.c.obj
                0x10001cbc                runtime_init_post_clock_resets
 .text.runtime_init_rp2040_gpio_ie_disable
                0x10001cdc       0x14 CMakeFiles/TCD1304.dir/C_/Users/kentc/.pico-sdk/sdk/2.0.0/src/rp2_common/pico_runtime_init/runtime_init.c.obj
                0x10001cdc                runtime_init_rp2040_gpio_ie_disable
 .text.runtime_init_spin_locks_reset
                0x10001cf0        0x8 CMakeFiles/TCD1304.dir/C_/Users/kentc/.pico-sdk/sdk/2.0.0/src/rp2_common/pico_runtime_init/runtime_init.c.obj
                0x10001cf0                runtime_init_spin_locks_reset
 .text.runtime_init_install_ram_vector_table
                0x10001cf8       0x1c CMakeFiles/TCD1304.dir/C_/Users/kentc/.pico-sdk/sdk/2.0.0/src/rp2_common/pico_runtime_init/runtime_init.c.obj
                0x10001cf8                runtime_init_install_ram_vector_table
 .text.runtime_init_clocks
                0x10001d14       0xd8 CMakeFiles/TCD1304.dir/C_/Users/kentc/.pico-sdk/sdk/2.0.0/src/rp2_common/pico_runtime_init/runtime_init_clocks.c.obj
                0x10001d14                runtime_init_clocks
 .text          0x10001dec       0x10 CMakeFiles/TCD1304.dir/C_/Users/kentc/.pico-sdk/sdk/2.0.0/src/rp2_common/pico_bit_ops/bit_ops_aeabi.S.obj
 .text.rom_func_lookup
                0x10001dfc       0x10 CMakeFiles/TCD1304.dir/C_/Users/kentc/.pico-sdk/sdk/2.0.0/src/rp2_common/pico_bootrom/bootrom.c.obj
                0x10001dfc                rom_func_lookup
 .text.rom_data_lookup
                0x10001e0c       0x10 CMakeFiles/TCD1304.dir/C_/Users/kentc/.pico-sdk/sdk/2.0.0/src/rp2_common/pico_bootrom/bootrom.c.obj
                0x10001e0c                rom_data_lookup
 .text.rom_funcs_lookup
                0x10001e1c       0x44 CMakeFiles/TCD1304.dir/C_/Users/kentc/.pico-sdk/sdk/2.0.0/src/rp2_common/pico_bootrom/bootrom.c.obj
                0x10001e1c                rom_funcs_lookup
 .text.rom_reset_usb_boot
                0x10001e60       0x20 CMakeFiles/TCD1304.dir/C_/Users/kentc/.pico-sdk/sdk/2.0.0/src/rp2_common/pico_bootrom/bootrom.c.obj
                0x10001e60                rom_reset_usb_boot
 .text.__wrap___aeabi_idiv
                0x10001e80       0x50 CMakeFiles/TCD1304.dir/C_/Users/kentc/.pico-sdk/sdk/2.0.0/src/rp2_common/pico_divider/divider_hardware.S.obj
                0x10001e80                __wrap___aeabi_idivmod
                0x10001e80                divmod_s32s32
                0x10001e80                div_s32s32
                0x10001e80                __wrap___aeabi_idiv
                0x10001e88                divmod_s32s32_unsafe
                0x10001eb4                divmod_s32s32_savestate
 .text.__wrap___aeabi_uidiv
                0x10001ed0       0x4c CMakeFiles/TCD1304.dir/C_/Users/kentc/.pico-sdk/sdk/2.0.0/src/rp2_common/pico_divider/divider_hardware.S.obj
                0x10001ed0                __wrap___aeabi_uidiv
                0x10001ed0                __wrap___aeabi_uidivmod
                0x10001ed0                div_u32u32
                0x10001ed0                divmod_u32u32
                0x10001ed8                divmod_u32u32_unsafe
                0x10001f00                divmod_u32u32_savestate
 .text.__wrap___aeabi_ldiv
                0x10001f1c      0x424 CMakeFiles/TCD1304.dir/C_/Users/kentc/.pico-sdk/sdk/2.0.0/src/rp2_common/pico_divider/divider_hardware.S.obj
                0x10001f1c                div_s64s64
                0x10001f1c                divmod_s64s64
                0x10001f1c                __wrap___aeabi_ldivmod
                0x10001f4c                divmod_u64u64
                0x10001f4c                div_u64u64
                0x10001f4c                __wrap___aeabi_uldivmod
                0x10001f5c                divmod_u64u64_savestate
                0x10001f7c                divmod_s64s64_unsafe
                0x10002004                divmod_u64u64_unsafe
 .text.__wrap___aeabi_darithmetic
                0x10002340       0x60 CMakeFiles/TCD1304.dir/C_/Users/kentc/.pico-sdk/sdk/2.0.0/src/rp2_common/pico_double/double_aeabi_rp2040.S.obj
                0x10002340                __wrap___aeabi_drsub
                0x10002346                __wrap___aeabi_dsub
                0x10002350                __wrap___aeabi_dadd
                0x1000235a                __wrap___aeabi_ddiv
                0x1000238e                __wrap___aeabi_dmul
 .text.__wrap___aeabi_cdcmple
                0x100023a0       0x6c CMakeFiles/TCD1304.dir/C_/Users/kentc/.pico-sdk/sdk/2.0.0/src/rp2_common/pico_double/double_aeabi_rp2040.S.obj
                0x100023a0                __wrap___aeabi_cdrcmple
                0x100023b0                __wrap___aeabi_cdcmpeq
                0x100023b0                __wrap___aeabi_cdcmple
 .text.__wrap___aeabi_dcmplt
                0x1000240c        0xc CMakeFiles/TCD1304.dir/C_/Users/kentc/.pico-sdk/sdk/2.0.0/src/rp2_common/pico_double/double_aeabi_rp2040.S.obj
                0x1000240c                __wrap___aeabi_dcmplt
 .text.__wrap___aeabi_dcmpge
                0x10002418       0x10 CMakeFiles/TCD1304.dir/C_/Users/kentc/.pico-sdk/sdk/2.0.0/src/rp2_common/pico_double/double_aeabi_rp2040.S.obj
                0x10002418                __wrap___aeabi_dcmpge
 .text.__wrap___aeabi_dcmpgt
                0x10002428        0xa CMakeFiles/TCD1304.dir/C_/Users/kentc/.pico-sdk/sdk/2.0.0/src/rp2_common/pico_double/double_aeabi_rp2040.S.obj
                0x10002428                __wrap___aeabi_dcmpgt
 .text.__wrap___aeabi_dcmpun
                0x10002432       0x18 CMakeFiles/TCD1304.dir/C_/Users/kentc/.pico-sdk/sdk/2.0.0/src/rp2_common/pico_double/double_aeabi_rp2040.S.obj
                0x10002432                __wrap___aeabi_dcmpun
 *fill*         0x1000244a        0x2 
 .text.__wrap___aeabi_i2d
                0x1000244c       0x38 CMakeFiles/TCD1304.dir/C_/Users/kentc/.pico-sdk/sdk/2.0.0/src/rp2_common/pico_double/double_aeabi_rp2040.S.obj
                0x1000244c                __wrap___aeabi_ui2d
                0x10002454                __wrap___aeabi_i2d
 .text.__wrap___aeabi_d2iz
                0x10002484       0x48 CMakeFiles/TCD1304.dir/C_/Users/kentc/.pico-sdk/sdk/2.0.0/src/rp2_common/pico_double/double_aeabi_rp2040.S.obj
                0x10002484                double2int_z
                0x10002484                __wrap___aeabi_d2iz
 .text.__wrap___aeabi_d2uiz
                0x100024cc       0x10 CMakeFiles/TCD1304.dir/C_/Users/kentc/.pico-sdk/sdk/2.0.0/src/rp2_common/pico_double/double_aeabi_rp2040.S.obj
                0x100024cc                __wrap___aeabi_d2uiz
                0x100024cc                double2uint
 .text.missing_double_func_shim
                0x100024dc        0xc CMakeFiles/TCD1304.dir/C_/Users/kentc/.pico-sdk/sdk/2.0.0/src/rp2_common/pico_double/double_init_rom_rp2040.c.obj
 .text.__aeabi_double_init
                0x100024e8       0xa0 CMakeFiles/TCD1304.dir/C_/Users/kentc/.pico-sdk/sdk/2.0.0/src/rp2_common/pico_double/double_init_rom_rp2040.c.obj
                0x100024e8                __aeabi_double_init
 .text.double_table_shim_on_use_helper
                0x10002588       0x2c CMakeFiles/TCD1304.dir/C_/Users/kentc/.pico-sdk/sdk/2.0.0/src/rp2_common/pico_double/double_v1_rom_shim_rp2040.S.obj
                0x10002588                double_table_shim_on_use_helper
 .text.__aeabi_lmul
                0x100025b4       0x32 CMakeFiles/TCD1304.dir/C_/Users/kentc/.pico-sdk/sdk/2.0.0/src/rp2_common/pico_int64_ops/pico_int64_ops_aeabi.S.obj
                0x100025b4                __wrap___aeabi_lmul
 *fill*         0x100025e6        0x2 
 .text.missing_float_func_shim
                0x100025e8        0xc CMakeFiles/TCD1304.dir/C_/Users/kentc/.pico-sdk/sdk/2.0.0/src/rp2_common/pico_float/float_init_rom_rp2040.c.obj
 .text.__aeabi_float_init
                0x100025f4       0x5c CMakeFiles/TCD1304.dir/C_/Users/kentc/.pico-sdk/sdk/2.0.0/src/rp2_common/pico_float/float_init_rom_rp2040.c.obj
                0x100025f4                __aeabi_float_init
 .text          0x10002650       0x10 CMakeFiles/TCD1304.dir/C_/Users/kentc/.pico-sdk/sdk/2.0.0/src/rp2_common/pico_mem_ops/mem_ops_aeabi.S.obj
                0x10002650                __aeabi_mem_init
 .text.memset   0x10002660        0xc CMakeFiles/TCD1304.dir/C_/Users/kentc/.pico-sdk/sdk/2.0.0/src/rp2_common/pico_mem_ops/mem_ops_aeabi.S.obj
                0x10002660                __wrap_memset
 .text.memcpy   0x1000266c        0xc CMakeFiles/TCD1304.dir/C_/Users/kentc/.pico-sdk/sdk/2.0.0/src/rp2_common/pico_mem_ops/mem_ops_aeabi.S.obj
                0x1000266c                __wrap_memcpy
                0x1000266c                __wrap___aeabi_memcpy
 .text._out_null
                0x10002678        0x4 CMakeFiles/TCD1304.dir/C_/Users/kentc/.pico-sdk/sdk/2.0.0/src/rp2_common/pico_printf/printf.c.obj
 .text._out_rev
                0x1000267c       0xac CMakeFiles/TCD1304.dir/C_/Users/kentc/.pico-sdk/sdk/2.0.0/src/rp2_common/pico_printf/printf.c.obj
 .text._ntoa_format
                0x10002728      0x250 CMakeFiles/TCD1304.dir/C_/Users/kentc/.pico-sdk/sdk/2.0.0/src/rp2_common/pico_printf/printf.c.obj
 .text._out_char
                0x10002978       0x10 CMakeFiles/TCD1304.dir/C_/Users/kentc/.pico-sdk/sdk/2.0.0/src/rp2_common/pico_printf/printf.c.obj
 .text._out_fct
                0x10002988       0x10 CMakeFiles/TCD1304.dir/C_/Users/kentc/.pico-sdk/sdk/2.0.0/src/rp2_common/pico_printf/printf.c.obj
 .text._etoa    0x10002998      0x464 CMakeFiles/TCD1304.dir/C_/Users/kentc/.pico-sdk/sdk/2.0.0/src/rp2_common/pico_printf/printf.c.obj
 .text._ftoa    0x10002dfc      0x3c0 CMakeFiles/TCD1304.dir/C_/Users/kentc/.pico-sdk/sdk/2.0.0/src/rp2_common/pico_printf/printf.c.obj
 .text._vsnprintf
                0x100031bc      0xbc8 CMakeFiles/TCD1304.dir/C_/Users/kentc/.pico-sdk/sdk/2.0.0/src/rp2_common/pico_printf/printf.c.obj
 .text.vfctprintf
                0x10003d84       0x20 CMakeFiles/TCD1304.dir/C_/Users/kentc/.pico-sdk/sdk/2.0.0/src/rp2_common/pico_printf/printf.c.obj
                0x10003d84                vfctprintf
 .text.weak_raw_vprintf
                0x10003da4       0x30 CMakeFiles/TCD1304.dir/C_/Users/kentc/.pico-sdk/sdk/2.0.0/src/rp2_common/pico_printf/printf.c.obj
                0x10003da4                weak_raw_vprintf
 .text._exit    0x10003dd4        0x4 CMakeFiles/TCD1304.dir/C_/Users/kentc/.pico-sdk/sdk/2.0.0/src/rp2_common/pico_clib_interface/newlib_interface.c.obj
                0x10003dd4                _exit
 .text.exit     0x10003dd8        0x8 CMakeFiles/TCD1304.dir/C_/Users/kentc/.pico-sdk/sdk/2.0.0/src/rp2_common/pico_clib_interface/newlib_interface.c.obj
                0x10003dd8                exit
 .text.runtime_init
                0x10003de0       0x2c CMakeFiles/TCD1304.dir/C_/Users/kentc/.pico-sdk/sdk/2.0.0/src/rp2_common/pico_clib_interface/newlib_interface.c.obj
                0x10003de0                runtime_init
 .text.stdio_out_chars_no_crlf
                0x10003e0c       0x10 CMakeFiles/TCD1304.dir/C_/Users/kentc/.pico-sdk/sdk/2.0.0/src/rp2_common/pico_stdio/stdio.c.obj
 .text.stdio_out_chars_crlf
                0x10003e1c       0x94 CMakeFiles/TCD1304.dir/C_/Users/kentc/.pico-sdk/sdk/2.0.0/src/rp2_common/pico_stdio/stdio.c.obj
 .text.stdio_buffered_printer
                0x10003eb0       0x64 CMakeFiles/TCD1304.dir/C_/Users/kentc/.pico-sdk/sdk/2.0.0/src/rp2_common/pico_stdio/stdio.c.obj
 .text.stdio_put_string
                0x10003f14      0x100 CMakeFiles/TCD1304.dir/C_/Users/kentc/.pico-sdk/sdk/2.0.0/src/rp2_common/pico_stdio/stdio.c.obj
                0x10003f14                stdio_put_string
 .text.stdio_set_driver_enabled
                0x10004014       0x30 CMakeFiles/TCD1304.dir/C_/Users/kentc/.pico-sdk/sdk/2.0.0/src/rp2_common/pico_stdio/stdio.c.obj
                0x10004014                stdio_set_driver_enabled
 .text.stdio_init_all
                0x10004044        0x8 CMakeFiles/TCD1304.dir/C_/Users/kentc/.pico-sdk/sdk/2.0.0/src/rp2_common/pico_stdio/stdio.c.obj
                0x10004044                stdio_init_all
 .text.__wrap_putchar
                0x1000404c       0x98 CMakeFiles/TCD1304.dir/C_/Users/kentc/.pico-sdk/sdk/2.0.0/src/rp2_common/pico_stdio/stdio.c.obj
                0x1000404c                __wrap_putchar
                0x1000404c                stdio_putchar
 .text.__wrap_puts
                0x100040e4       0x3c CMakeFiles/TCD1304.dir/C_/Users/kentc/.pico-sdk/sdk/2.0.0/src/rp2_common/pico_stdio/stdio.c.obj
                0x100040e4                stdio_puts
                0x100040e4                __wrap_puts
 .text.__wrap_vprintf
                0x10004120       0xd4 CMakeFiles/TCD1304.dir/C_/Users/kentc/.pico-sdk/sdk/2.0.0/src/rp2_common/pico_stdio/stdio.c.obj
                0x10004120                stdio_vprintf
                0x10004120                __wrap_vprintf
 .text.__wrap_printf
                0x100041f4       0x18 CMakeFiles/TCD1304.dir/C_/Users/kentc/.pico-sdk/sdk/2.0.0/src/rp2_common/pico_stdio/stdio.c.obj
                0x100041f4                __wrap_printf
                0x100041f4                stdio_printf
 .text.resetd_init
                0x1000420c        0x4 CMakeFiles/TCD1304.dir/C_/Users/kentc/.pico-sdk/sdk/2.0.0/src/rp2_common/pico_stdio_usb/reset_interface.c.obj
 .text.resetd_reset
                0x10004210        0xc CMakeFiles/TCD1304.dir/C_/Users/kentc/.pico-sdk/sdk/2.0.0/src/rp2_common/pico_stdio_usb/reset_interface.c.obj
 .text.resetd_open
                0x1000421c       0x28 CMakeFiles/TCD1304.dir/C_/Users/kentc/.pico-sdk/sdk/2.0.0/src/rp2_common/pico_stdio_usb/reset_interface.c.obj
 .text.resetd_xfer_cb
                0x10004244        0x4 CMakeFiles/TCD1304.dir/C_/Users/kentc/.pico-sdk/sdk/2.0.0/src/rp2_common/pico_stdio_usb/reset_interface.c.obj
 .text.resetd_control_xfer_cb
                0x10004248       0x54 CMakeFiles/TCD1304.dir/C_/Users/kentc/.pico-sdk/sdk/2.0.0/src/rp2_common/pico_stdio_usb/reset_interface.c.obj
 .text.tud_descriptor_bos_cb
                0x1000429c        0x8 CMakeFiles/TCD1304.dir/C_/Users/kentc/.pico-sdk/sdk/2.0.0/src/rp2_common/pico_stdio_usb/reset_interface.c.obj
                0x1000429c                tud_descriptor_bos_cb
 .text.tud_vendor_control_xfer_cb
                0x100042a4       0x34 CMakeFiles/TCD1304.dir/C_/Users/kentc/.pico-sdk/sdk/2.0.0/src/rp2_common/pico_stdio_usb/reset_interface.c.obj
                0x100042a4                tud_vendor_control_xfer_cb
 .text.usbd_app_driver_get_cb
                0x100042d8        0xc CMakeFiles/TCD1304.dir/C_/Users/kentc/.pico-sdk/sdk/2.0.0/src/rp2_common/pico_stdio_usb/reset_interface.c.obj
                0x100042d8                usbd_app_driver_get_cb
 .text.tud_cdc_line_coding_cb
                0x100042e4       0x28 CMakeFiles/TCD1304.dir/C_/Users/kentc/.pico-sdk/sdk/2.0.0/src/rp2_common/pico_stdio_usb/reset_interface.c.obj
                0x100042e4                tud_cdc_line_coding_cb
 .text.stdio_usb_set_chars_available_callback
                0x1000430c       0x14 CMakeFiles/TCD1304.dir/C_/Users/kentc/.pico-sdk/sdk/2.0.0/src/rp2_common/pico_stdio_usb/stdio_usb.c.obj
                0x1000430c                stdio_usb_set_chars_available_callback
 .text.usb_irq  0x10004320       0x10 CMakeFiles/TCD1304.dir/C_/Users/kentc/.pico-sdk/sdk/2.0.0/src/rp2_common/pico_stdio_usb/stdio_usb.c.obj
 .text.timer_task
                0x10004330       0x64 CMakeFiles/TCD1304.dir/C_/Users/kentc/.pico-sdk/sdk/2.0.0/src/rp2_common/pico_stdio_usb/stdio_usb.c.obj
 .text.stdio_usb_in_chars
                0x10004394       0x90 CMakeFiles/TCD1304.dir/C_/Users/kentc/.pico-sdk/sdk/2.0.0/src/rp2_common/pico_stdio_usb/stdio_usb.c.obj
                0x10004394                stdio_usb_in_chars
 .text.stdio_usb_out_flush
                0x10004424       0x50 CMakeFiles/TCD1304.dir/C_/Users/kentc/.pico-sdk/sdk/2.0.0/src/rp2_common/pico_stdio_usb/stdio_usb.c.obj
 .text.stdio_usb_out_chars
                0x10004474      0x104 CMakeFiles/TCD1304.dir/C_/Users/kentc/.pico-sdk/sdk/2.0.0/src/rp2_common/pico_stdio_usb/stdio_usb.c.obj
 .text.low_priority_worker_irq
                0x10004578       0xcc CMakeFiles/TCD1304.dir/C_/Users/kentc/.pico-sdk/sdk/2.0.0/src/rp2_common/pico_stdio_usb/stdio_usb.c.obj
 .text.stdio_usb_init
                0x10004644       0xe8 CMakeFiles/TCD1304.dir/C_/Users/kentc/.pico-sdk/sdk/2.0.0/src/rp2_common/pico_stdio_usb/stdio_usb.c.obj
                0x10004644                stdio_usb_init
 .text.tud_descriptor_device_cb
                0x1000472c        0x8 CMakeFiles/TCD1304.dir/C_/Users/kentc/.pico-sdk/sdk/2.0.0/src/rp2_common/pico_stdio_usb/stdio_usb_descriptors.c.obj
                0x1000472c                tud_descriptor_device_cb
 .text.tud_descriptor_configuration_cb
                0x10004734        0x8 CMakeFiles/TCD1304.dir/C_/Users/kentc/.pico-sdk/sdk/2.0.0/src/rp2_common/pico_stdio_usb/stdio_usb_descriptors.c.obj
                0x10004734                tud_descriptor_configuration_cb
 .text.tud_descriptor_string_cb
                0x1000473c       0x78 CMakeFiles/TCD1304.dir/C_/Users/kentc/.pico-sdk/sdk/2.0.0/src/rp2_common/pico_stdio_usb/stdio_usb_descriptors.c.obj
                0x1000473c                tud_descriptor_string_cb
 .text.startup._retrieve_unique_id_on_boot
                0x100047b4       0x10 CMakeFiles/TCD1304.dir/C_/Users/kentc/.pico-sdk/sdk/2.0.0/src/rp2_common/pico_unique_id/unique_id.c.obj
 .text.pico_get_unique_board_id_string
                0x100047c4      0x1a8 CMakeFiles/TCD1304.dir/C_/Users/kentc/.pico-sdk/sdk/2.0.0/src/rp2_common/pico_unique_id/unique_id.c.obj
                0x100047c4                pico_get_unique_board_id_string
 .text.flash_get_unique_id
                0x1000496c       0x3c CMakeFiles/TCD1304.dir/C_/Users/kentc/.pico-sdk/sdk/2.0.0/src/rp2_common/hardware_flash/flash.c.obj
                0x1000496c                flash_get_unique_id
 .text.dcd_init
                0x100049a8       0x8c CMakeFiles/TCD1304.dir/C_/Users/kentc/.pico-sdk/sdk/2.0.0/lib/tinyusb/src/portable/raspberrypi/rp2040/dcd_rp2040.c.obj
                0x100049a8                dcd_init
 .text.dcd_int_enable
                0x10004a34        0xc CMakeFiles/TCD1304.dir/C_/Users/kentc/.pico-sdk/sdk/2.0.0/lib/tinyusb/src/portable/raspberrypi/rp2040/dcd_rp2040.c.obj
                0x10004a34                dcd_int_enable
 .text.dcd_set_address
                0x10004a40       0x14 CMakeFiles/TCD1304.dir/C_/Users/kentc/.pico-sdk/sdk/2.0.0/lib/tinyusb/src/portable/raspberrypi/rp2040/dcd_rp2040.c.obj
                0x10004a40                dcd_set_address
 .text.dcd_sof_enable
                0x10004a54       0x1c CMakeFiles/TCD1304.dir/C_/Users/kentc/.pico-sdk/sdk/2.0.0/lib/tinyusb/src/portable/raspberrypi/rp2040/dcd_rp2040.c.obj
                0x10004a54                dcd_sof_enable
 .text.dcd_edpt0_status_complete
                0x10004a70       0x1c CMakeFiles/TCD1304.dir/C_/Users/kentc/.pico-sdk/sdk/2.0.0/lib/tinyusb/src/portable/raspberrypi/rp2040/dcd_rp2040.c.obj
                0x10004a70                dcd_edpt0_status_complete
 .text.dcd_edpt_open
                0x10004a8c      0x108 CMakeFiles/TCD1304.dir/C_/Users/kentc/.pico-sdk/sdk/2.0.0/lib/tinyusb/src/portable/raspberrypi/rp2040/dcd_rp2040.c.obj
                0x10004a8c                dcd_edpt_open
 .text.dcd_edpt_close_all
                0x10004b94        0x8 CMakeFiles/TCD1304.dir/C_/Users/kentc/.pico-sdk/sdk/2.0.0/lib/tinyusb/src/portable/raspberrypi/rp2040/dcd_rp2040.c.obj
                0x10004b94                dcd_edpt_close_all
 .text.dcd_edpt_xfer
                0x10004b9c       0x24 CMakeFiles/TCD1304.dir/C_/Users/kentc/.pico-sdk/sdk/2.0.0/lib/tinyusb/src/portable/raspberrypi/rp2040/dcd_rp2040.c.obj
                0x10004b9c                dcd_edpt_xfer
 .text.dcd_edpt_stall
                0x10004bc0       0x34 CMakeFiles/TCD1304.dir/C_/Users/kentc/.pico-sdk/sdk/2.0.0/lib/tinyusb/src/portable/raspberrypi/rp2040/dcd_rp2040.c.obj
                0x10004bc0                dcd_edpt_stall
 .text.dcd_edpt_clear_stall
                0x10004bf4       0x30 CMakeFiles/TCD1304.dir/C_/Users/kentc/.pico-sdk/sdk/2.0.0/lib/tinyusb/src/portable/raspberrypi/rp2040/dcd_rp2040.c.obj
                0x10004bf4                dcd_edpt_clear_stall
 .text.rp2040_usb_init
                0x10004c24       0x40 CMakeFiles/TCD1304.dir/C_/Users/kentc/.pico-sdk/sdk/2.0.0/lib/tinyusb/src/portable/raspberrypi/rp2040/rp2040_usb.c.obj
                0x10004c24                rp2040_usb_init
 .text.hw_endpoint_xfer_start
                0x10004c64       0x40 CMakeFiles/TCD1304.dir/C_/Users/kentc/.pico-sdk/sdk/2.0.0/lib/tinyusb/src/portable/raspberrypi/rp2040/rp2040_usb.c.obj
                0x10004c64                hw_endpoint_xfer_start
 .text.tud_event_hook_cb
                0x10004ca4        0x4 CMakeFiles/TCD1304.dir/C_/Users/kentc/.pico-sdk/sdk/2.0.0/lib/tinyusb/src/device/usbd.c.obj
                0x10004ca4                tud_event_hook_cb
 .text.tud_sof_cb
                0x10004ca8        0x4 CMakeFiles/TCD1304.dir/C_/Users/kentc/.pico-sdk/sdk/2.0.0/lib/tinyusb/src/device/usbd.c.obj
                0x10004ca8                tud_sof_cb
 .text.tud_descriptor_device_qualifier_cb
                0x10004cac        0x4 CMakeFiles/TCD1304.dir/C_/Users/kentc/.pico-sdk/sdk/2.0.0/lib/tinyusb/src/device/usbd.c.obj
                0x10004cac                tud_descriptor_device_qualifier_cb
 .text.tud_descriptor_other_speed_configuration_cb
                0x10004cb0        0x4 CMakeFiles/TCD1304.dir/C_/Users/kentc/.pico-sdk/sdk/2.0.0/lib/tinyusb/src/device/usbd.c.obj
                0x10004cb0                tud_descriptor_other_speed_configuration_cb
 .text.tud_mount_cb
                0x10004cb4        0x4 CMakeFiles/TCD1304.dir/C_/Users/kentc/.pico-sdk/sdk/2.0.0/lib/tinyusb/src/device/usbd.c.obj
                0x10004cb4                tud_mount_cb
 .text.tud_umount_cb
                0x10004cb8        0x4 CMakeFiles/TCD1304.dir/C_/Users/kentc/.pico-sdk/sdk/2.0.0/lib/tinyusb/src/device/usbd.c.obj
                0x10004cb8                tud_umount_cb
 .text.tud_suspend_cb
                0x10004cbc        0x4 CMakeFiles/TCD1304.dir/C_/Users/kentc/.pico-sdk/sdk/2.0.0/lib/tinyusb/src/device/usbd.c.obj
                0x10004cbc                tud_suspend_cb
 .text.tud_resume_cb
                0x10004cc0        0x4 CMakeFiles/TCD1304.dir/C_/Users/kentc/.pico-sdk/sdk/2.0.0/lib/tinyusb/src/device/usbd.c.obj
                0x10004cc0                tud_resume_cb
 .text.tud_mounted
                0x10004cc4       0x10 CMakeFiles/TCD1304.dir/C_/Users/kentc/.pico-sdk/sdk/2.0.0/lib/tinyusb/src/device/usbd.c.obj
                0x10004cc4                tud_mounted
 .text.tud_suspended
                0x10004cd4       0x10 CMakeFiles/TCD1304.dir/C_/Users/kentc/.pico-sdk/sdk/2.0.0/lib/tinyusb/src/device/usbd.c.obj
                0x10004cd4                tud_suspended
 .text.tud_init
                0x10004ce4       0xe4 CMakeFiles/TCD1304.dir/C_/Users/kentc/.pico-sdk/sdk/2.0.0/lib/tinyusb/src/device/usbd.c.obj
                0x10004ce4                tud_init
 .text.tud_task_ext
                0x10004dc8      0x800 CMakeFiles/TCD1304.dir/C_/Users/kentc/.pico-sdk/sdk/2.0.0/lib/tinyusb/src/device/usbd.c.obj
                0x10004dc8                tud_task_ext
 .text.usbd_open_edpt_pair
                0x100055c8       0x9c CMakeFiles/TCD1304.dir/C_/Users/kentc/.pico-sdk/sdk/2.0.0/lib/tinyusb/src/device/usbd.c.obj
                0x100055c8                usbd_open_edpt_pair
 .text.usbd_edpt_open
                0x10005664       0x34 CMakeFiles/TCD1304.dir/C_/Users/kentc/.pico-sdk/sdk/2.0.0/lib/tinyusb/src/device/usbd.c.obj
                0x10005664                usbd_edpt_open
 .text.usbd_edpt_claim
                0x10005698       0x28 CMakeFiles/TCD1304.dir/C_/Users/kentc/.pico-sdk/sdk/2.0.0/lib/tinyusb/src/device/usbd.c.obj
                0x10005698                usbd_edpt_claim
 .text.usbd_edpt_release
                0x100056c0       0x28 CMakeFiles/TCD1304.dir/C_/Users/kentc/.pico-sdk/sdk/2.0.0/lib/tinyusb/src/device/usbd.c.obj
                0x100056c0                usbd_edpt_release
 .text.usbd_edpt_xfer
                0x100056e8       0x4c CMakeFiles/TCD1304.dir/C_/Users/kentc/.pico-sdk/sdk/2.0.0/lib/tinyusb/src/device/usbd.c.obj
                0x100056e8                usbd_edpt_xfer
 .text.tud_control_status
                0x10005734       0x2c CMakeFiles/TCD1304.dir/C_/Users/kentc/.pico-sdk/sdk/2.0.0/lib/tinyusb/src/device/usbd_control.c.obj
                0x10005734                tud_control_status
 .text.tud_control_xfer
                0x10005760       0xac CMakeFiles/TCD1304.dir/C_/Users/kentc/.pico-sdk/sdk/2.0.0/lib/tinyusb/src/device/usbd_control.c.obj
                0x10005760                tud_control_xfer
 .text.usbd_control_reset
                0x1000580c       0x14 CMakeFiles/TCD1304.dir/C_/Users/kentc/.pico-sdk/sdk/2.0.0/lib/tinyusb/src/device/usbd_control.c.obj
                0x1000580c                usbd_control_reset
 .text.usbd_control_set_complete_callback
                0x10005820        0xc CMakeFiles/TCD1304.dir/C_/Users/kentc/.pico-sdk/sdk/2.0.0/lib/tinyusb/src/device/usbd_control.c.obj
                0x10005820                usbd_control_set_complete_callback
 .text.usbd_control_set_request
                0x1000582c       0x1c CMakeFiles/TCD1304.dir/C_/Users/kentc/.pico-sdk/sdk/2.0.0/lib/tinyusb/src/device/usbd_control.c.obj
                0x1000582c                usbd_control_set_request
 .text.usbd_control_xfer_cb
                0x10005848       0xec CMakeFiles/TCD1304.dir/C_/Users/kentc/.pico-sdk/sdk/2.0.0/lib/tinyusb/src/device/usbd_control.c.obj
                0x10005848                usbd_control_xfer_cb
 .text._prep_out_transaction.isra.0
                0x10005934       0x5c CMakeFiles/TCD1304.dir/C_/Users/kentc/.pico-sdk/sdk/2.0.0/lib/tinyusb/src/class/cdc/cdc_device.c.obj
 .text.tud_cdc_n_connected
                0x10005990       0x30 CMakeFiles/TCD1304.dir/C_/Users/kentc/.pico-sdk/sdk/2.0.0/lib/tinyusb/src/class/cdc/cdc_device.c.obj
                0x10005990                tud_cdc_n_connected
 .text.tud_cdc_n_available
                0x100059c0       0x18 CMakeFiles/TCD1304.dir/C_/Users/kentc/.pico-sdk/sdk/2.0.0/lib/tinyusb/src/class/cdc/cdc_device.c.obj
                0x100059c0                tud_cdc_n_available
 .text.tud_cdc_n_read
                0x100059d8       0x98 CMakeFiles/TCD1304.dir/C_/Users/kentc/.pico-sdk/sdk/2.0.0/lib/tinyusb/src/class/cdc/cdc_device.c.obj
                0x100059d8                tud_cdc_n_read
 .text.tud_cdc_n_write_flush
                0x10005a70       0x78 CMakeFiles/TCD1304.dir/C_/Users/kentc/.pico-sdk/sdk/2.0.0/lib/tinyusb/src/class/cdc/cdc_device.c.obj
                0x10005a70                tud_cdc_n_write_flush
 .text.tud_cdc_n_write
                0x10005ae8       0x40 CMakeFiles/TCD1304.dir/C_/Users/kentc/.pico-sdk/sdk/2.0.0/lib/tinyusb/src/class/cdc/cdc_device.c.obj
                0x10005ae8                tud_cdc_n_write
 .text.tud_cdc_n_write_available
                0x10005b28       0x18 CMakeFiles/TCD1304.dir/C_/Users/kentc/.pico-sdk/sdk/2.0.0/lib/tinyusb/src/class/cdc/cdc_device.c.obj
                0x10005b28                tud_cdc_n_write_available
 .text.cdcd_init
                0x10005b40       0x7c CMakeFiles/TCD1304.dir/C_/Users/kentc/.pico-sdk/sdk/2.0.0/lib/tinyusb/src/class/cdc/cdc_device.c.obj
                0x10005b40                cdcd_init
 .text.cdcd_deinit
                0x10005bbc       0x34 CMakeFiles/TCD1304.dir/C_/Users/kentc/.pico-sdk/sdk/2.0.0/lib/tinyusb/src/class/cdc/cdc_device.c.obj
                0x10005bbc                cdcd_deinit
 .text.cdcd_reset
                0x10005bf0       0x4c CMakeFiles/TCD1304.dir/C_/Users/kentc/.pico-sdk/sdk/2.0.0/lib/tinyusb/src/class/cdc/cdc_device.c.obj
                0x10005bf0                cdcd_reset
 .text.cdcd_open
                0x10005c3c       0xb0 CMakeFiles/TCD1304.dir/C_/Users/kentc/.pico-sdk/sdk/2.0.0/lib/tinyusb/src/class/cdc/cdc_device.c.obj
                0x10005c3c                cdcd_open
 .text.cdcd_control_xfer_cb
                0x10005cec       0xe4 CMakeFiles/TCD1304.dir/C_/Users/kentc/.pico-sdk/sdk/2.0.0/lib/tinyusb/src/class/cdc/cdc_device.c.obj
                0x10005cec                cdcd_control_xfer_cb
 .text.cdcd_xfer_cb
                0x10005dd0      0x100 CMakeFiles/TCD1304.dir/C_/Users/kentc/.pico-sdk/sdk/2.0.0/lib/tinyusb/src/class/cdc/cdc_device.c.obj
                0x10005dd0                cdcd_xfer_cb
 .text.tud_vendor_n_write_flush
                0x10005ed0       0x78 CMakeFiles/TCD1304.dir/C_/Users/kentc/.pico-sdk/sdk/2.0.0/lib/tinyusb/src/class/vendor/vendor_device.c.obj
                0x10005ed0                tud_vendor_n_write_flush
 .text.vendord_init
                0x10005f48       0x64 CMakeFiles/TCD1304.dir/C_/Users/kentc/.pico-sdk/sdk/2.0.0/lib/tinyusb/src/class/vendor/vendor_device.c.obj
                0x10005f48                vendord_init
 .text.vendord_deinit
                0x10005fac       0x34 CMakeFiles/TCD1304.dir/C_/Users/kentc/.pico-sdk/sdk/2.0.0/lib/tinyusb/src/class/vendor/vendor_device.c.obj
                0x10005fac                vendord_deinit
 .text.vendord_reset
                0x10005fe0       0x1c CMakeFiles/TCD1304.dir/C_/Users/kentc/.pico-sdk/sdk/2.0.0/lib/tinyusb/src/class/vendor/vendor_device.c.obj
                0x10005fe0                vendord_reset
 .text.vendord_open
                0x10005ffc       0xd8 CMakeFiles/TCD1304.dir/C_/Users/kentc/.pico-sdk/sdk/2.0.0/lib/tinyusb/src/class/vendor/vendor_device.c.obj
                0x10005ffc                vendord_open
 .text.vendord_xfer_cb
                0x100060d4       0xc8 CMakeFiles/TCD1304.dir/C_/Users/kentc/.pico-sdk/sdk/2.0.0/lib/tinyusb/src/class/vendor/vendor_device.c.obj
                0x100060d4                vendord_xfer_cb
 .text.tusb_init
                0x1000619c        0xc CMakeFiles/TCD1304.dir/C_/Users/kentc/.pico-sdk/sdk/2.0.0/lib/tinyusb/src/tusb.c.obj
                0x1000619c                tusb_init
 .text.tu_edpt_claim
                0x100061a8       0x50 CMakeFiles/TCD1304.dir/C_/Users/kentc/.pico-sdk/sdk/2.0.0/lib/tinyusb/src/tusb.c.obj
                0x100061a8                tu_edpt_claim
 .text.tu_edpt_release
                0x100061f8       0x38 CMakeFiles/TCD1304.dir/C_/Users/kentc/.pico-sdk/sdk/2.0.0/lib/tinyusb/src/tusb.c.obj
                0x100061f8                tu_edpt_release
 .text.tu_edpt_validate
                0x10006230       0x7c CMakeFiles/TCD1304.dir/C_/Users/kentc/.pico-sdk/sdk/2.0.0/lib/tinyusb/src/tusb.c.obj
                0x10006230                tu_edpt_validate
 .text.tu_edpt_bind_driver
                0x100062ac       0x34 CMakeFiles/TCD1304.dir/C_/Users/kentc/.pico-sdk/sdk/2.0.0/lib/tinyusb/src/tusb.c.obj
                0x100062ac                tu_edpt_bind_driver
 .text.tu_fifo_config
                0x100062e0       0x6c CMakeFiles/TCD1304.dir/C_/Users/kentc/.pico-sdk/sdk/2.0.0/lib/tinyusb/src/common/tusb_fifo.c.obj
                0x100062e0                tu_fifo_config
 .text.tu_fifo_count
                0x1000634c       0x2c CMakeFiles/TCD1304.dir/C_/Users/kentc/.pico-sdk/sdk/2.0.0/lib/tinyusb/src/common/tusb_fifo.c.obj
                0x1000634c                tu_fifo_count
 .text.tu_fifo_empty
                0x10006378       0x10 CMakeFiles/TCD1304.dir/C_/Users/kentc/.pico-sdk/sdk/2.0.0/lib/tinyusb/src/common/tusb_fifo.c.obj
                0x10006378                tu_fifo_empty
 .text.tu_fifo_remaining
                0x10006388       0x2c CMakeFiles/TCD1304.dir/C_/Users/kentc/.pico-sdk/sdk/2.0.0/lib/tinyusb/src/common/tusb_fifo.c.obj
                0x10006388                tu_fifo_remaining
 .text.tu_fifo_read
                0x100063b4       0x9c CMakeFiles/TCD1304.dir/C_/Users/kentc/.pico-sdk/sdk/2.0.0/lib/tinyusb/src/common/tusb_fifo.c.obj
                0x100063b4                tu_fifo_read
 .text.tu_fifo_read_n
                0x10006450       0xe8 CMakeFiles/TCD1304.dir/C_/Users/kentc/.pico-sdk/sdk/2.0.0/lib/tinyusb/src/common/tusb_fifo.c.obj
                0x10006450                tu_fifo_read_n
 .text.tu_fifo_write
                0x10006538       0xa8 CMakeFiles/TCD1304.dir/C_/Users/kentc/.pico-sdk/sdk/2.0.0/lib/tinyusb/src/common/tusb_fifo.c.obj
                0x10006538                tu_fifo_write
 .text.tu_fifo_write_n
                0x100065e0      0x178 CMakeFiles/TCD1304.dir/C_/Users/kentc/.pico-sdk/sdk/2.0.0/lib/tinyusb/src/common/tusb_fifo.c.obj
                0x100065e0                tu_fifo_write_n
 .text.tu_fifo_clear
                0x10006758       0x40 CMakeFiles/TCD1304.dir/C_/Users/kentc/.pico-sdk/sdk/2.0.0/lib/tinyusb/src/common/tusb_fifo.c.obj
                0x10006758                tu_fifo_clear
 .text.tu_fifo_set_overwritable
                0x10006798       0x48 CMakeFiles/TCD1304.dir/C_/Users/kentc/.pico-sdk/sdk/2.0.0/lib/tinyusb/src/common/tusb_fifo.c.obj
                0x10006798                tu_fifo_set_overwritable
 .text.adc_init
                0x100067e0       0x38 CMakeFiles/TCD1304.dir/C_/Users/kentc/.pico-sdk/sdk/2.0.0/src/rp2_common/hardware_adc/adc.c.obj
                0x100067e0                adc_init
 .text.dma_claim_unused_channel
                0x10006818       0x24 CMakeFiles/TCD1304.dir/C_/Users/kentc/.pico-sdk/sdk/2.0.0/src/rp2_common/hardware_dma/dma.c.obj
                0x10006818                dma_claim_unused_channel
 .text.strlen   0x1000683c       0x5c C:/Users/kentc/.pico-sdk/toolchain/13_2_Rel1/bin/../lib/gcc/arm-none-eabi/13.2.1/thumb/v6-m/nofp\libg.a(libc_a-strlen-stub.o)
                0x1000683c                strlen
 *(.fini)
 .fini          0x10006898        0x4 C:/Users/kentc/.pico-sdk/toolchain/13_2_Rel1/bin/../lib/gcc/arm-none-eabi/13.2.1/thumb/v6-m/nofp/crti.o
                0x10006898                _fini
 *fill*         0x1000689c        0x4 
 .fini.__stub   0x100068a0       0xc0 linker stubs
 *crtbegin.o(.ctors)
 *crtbegin?.o(.ctors)
 *(EXCLUDE_FILE(*crtend.o *crtend?.o) .ctors)
 *(SORT_BY_NAME(.ctors.*))
 *(.ctors)
 *crtbegin.o(.dtors)
 *crtbegin?.o(.dtors)
 *(EXCLUDE_FILE(*crtend.o *crtend?.o) .dtors)
 *(SORT_BY_NAME(.dtors.*))
 *(.dtors)
                0x10006960                        . = ALIGN (0x4)
                0x10006960                        PROVIDE (__preinit_array_start = .)
 *(SORT_BY_NAME(.preinit_array.*))
 .preinit_array.00100
                0x10006960        0x4 CMakeFiles/TCD1304.dir/C_/Users/kentc/.pico-sdk/sdk/2.0.0/src/rp2_common/pico_runtime_init/runtime_init.c.obj
                0x10006960                __pre_init_runtime_init_early_resets
 .preinit_array.00101
                0x10006964        0x4 CMakeFiles/TCD1304.dir/C_/Users/kentc/.pico-sdk/sdk/2.0.0/src/rp2_common/pico_runtime_init/runtime_init.c.obj
                0x10006964                __pre_init_runtime_init_usb_power_down
 .preinit_array.00275
                0x10006968        0x4 CMakeFiles/TCD1304.dir/C_/Users/kentc/.pico-sdk/sdk/2.0.0/src/rp2_common/pico_bit_ops/bit_ops_aeabi.S.obj
 .preinit_array.00300
                0x1000696c        0x4 CMakeFiles/TCD1304.dir/C_/Users/kentc/.pico-sdk/sdk/2.0.0/src/rp2_common/pico_mem_ops/mem_ops_aeabi.S.obj
 .preinit_array.00350
                0x10006970        0x4 CMakeFiles/TCD1304.dir/C_/Users/kentc/.pico-sdk/sdk/2.0.0/src/rp2_common/pico_double/double_aeabi_rp2040.S.obj
 .preinit_array.00350
                0x10006974        0x4 CMakeFiles/TCD1304.dir/C_/Users/kentc/.pico-sdk/sdk/2.0.0/src/rp2_common/pico_float/float_aeabi_rp2040.S.obj
 .preinit_array.00500
                0x10006978        0x4 CMakeFiles/TCD1304.dir/C_/Users/kentc/.pico-sdk/sdk/2.0.0/src/rp2_common/pico_runtime_init/runtime_init.c.obj
                0x10006978                __pre_init_runtime_init_clocks
 .preinit_array.00600
                0x1000697c        0x4 CMakeFiles/TCD1304.dir/C_/Users/kentc/.pico-sdk/sdk/2.0.0/src/rp2_common/pico_runtime_init/runtime_init.c.obj
                0x1000697c                __pre_init_runtime_init_post_clock_resets
 .preinit_array.00700
                0x10006980        0x4 CMakeFiles/TCD1304.dir/C_/Users/kentc/.pico-sdk/sdk/2.0.0/src/rp2_common/pico_runtime_init/runtime_init.c.obj
                0x10006980                __pre_init_runtime_init_rp2040_gpio_ie_disable
 .preinit_array.01000
                0x10006984        0x4 CMakeFiles/TCD1304.dir/C_/Users/kentc/.pico-sdk/sdk/2.0.0/src/rp2_common/pico_runtime_init/runtime_init.c.obj
                0x10006984                __pre_init_runtime_init_spin_locks_reset
 .preinit_array.01100
                0x10006988        0x4 CMakeFiles/TCD1304.dir/C_/Users/kentc/.pico-sdk/sdk/2.0.0/src/common/pico_sync/mutex.c.obj
                0x10006988                __pre_init_runtime_init_mutex
 .preinit_array.10080
                0x1000698c        0x4 CMakeFiles/TCD1304.dir/C_/Users/kentc/.pico-sdk/sdk/2.0.0/src/rp2_common/pico_runtime_init/runtime_init.c.obj
                0x1000698c                __pre_init_runtime_init_install_ram_vector_table
 .preinit_array.11000
                0x10006990        0x4 CMakeFiles/TCD1304.dir/C_/Users/kentc/.pico-sdk/sdk/2.0.0/src/common/pico_time/time.c.obj
                0x10006990                __pre_init_runtime_init_default_alarm_pool
 .preinit_array.YYYYY
                0x10006994        0x4 CMakeFiles/TCD1304.dir/C_/Users/kentc/.pico-sdk/sdk/2.0.0/src/rp2_common/pico_runtime/runtime.c.obj
                0x10006994                __pre_init_first_per_core_initializer
 .preinit_array.ZZZZZ.01200
                0x10006998        0x4 CMakeFiles/TCD1304.dir/C_/Users/kentc/.pico-sdk/sdk/2.0.0/src/rp2_common/hardware_irq/irq.c.obj
                0x10006998                __pre_init_runtime_init_per_core_irq_priorities
 *(.preinit_array)
                0x1000699c                        PROVIDE (__preinit_array_end = .)
                0x1000699c                        . = ALIGN (0x4)
                0x1000699c                        PROVIDE (__init_array_start = .)
 *(SORT_BY_NAME(.init_array.*))
 *(.init_array)
 .init_array    0x1000699c        0x4 C:/Users/kentc/.pico-sdk/toolchain/13_2_Rel1/bin/../lib/gcc/arm-none-eabi/13.2.1/thumb/v6-m/nofp/crtbegin.o
 .init_array    0x100069a0        0x4 CMakeFiles/TCD1304.dir/C_/Users/kentc/.pico-sdk/sdk/2.0.0/src/rp2_common/pico_unique_id/unique_id.c.obj
                0x100069a4                        PROVIDE (__init_array_end = .)
                0x100069a4                        . = ALIGN (0x4)
                [!provide]                        PROVIDE (__fini_array_start = .)
 *(SORT_BY_NAME(.fini_array.*))
 *(.fini_array)
                [!provide]                        PROVIDE (__fini_array_end = .)
 *(.eh_frame*)
 .eh_frame      0x100069a4        0x0 C:/Users/kentc/.pico-sdk/toolchain/13_2_Rel1/bin/../lib/gcc/arm-none-eabi/13.2.1/thumb/v6-m/nofp/crtbegin.o
                0x100069a4                        . = ALIGN (0x4)

.glue_7         0x100069a4        0x0
 .glue_7        0x100069a4        0x0 linker stubs

.glue_7t        0x100069a4        0x0
 .glue_7t       0x100069a4        0x0 linker stubs

.vfp11_veneer   0x100069a4        0x0
 .vfp11_veneer  0x100069a4        0x0 linker stubs

.v4_bx          0x100069a4        0x0
 .v4_bx         0x100069a4        0x0 linker stubs

.iplt           0x100069a4        0x0
 .iplt          0x100069a4        0x0 C:/Users/kentc/.pico-sdk/toolchain/13_2_Rel1/bin/../lib/gcc/arm-none-eabi/13.2.1/thumb/v6-m/nofp/crtbegin.o

.rodata         0x100069a8      0x6b4
 *(EXCLUDE_FILE(*libm.a: *libc.a:*lib_a-mem*.o *libgcc.a:) .rodata*)
 .rodata.main.str1.4
                0x100069a8      0x20a CMakeFiles/TCD1304.dir/TCD1304.c.obj
                                 0x5f (size before relaxing)
 .rodata.panic.str1.4
                0x10006bb2       0x12 CMakeFiles/TCD1304.dir/C_/Users/kentc/.pico-sdk/sdk/2.0.0/src/rp2_common/pico_platform_panic/panic.c.obj
 .rodata.spin_lock_claim_unused.str1.4
                0x10006bb2       0x1b CMakeFiles/TCD1304.dir/C_/Users/kentc/.pico-sdk/sdk/2.0.0/src/rp2_common/hardware_sync/sync.c.obj
 .rodata.user_irq_claim_unused.str1.4
                0x10006bb2       0x1b CMakeFiles/TCD1304.dir/C_/Users/kentc/.pico-sdk/sdk/2.0.0/src/rp2_common/hardware_irq/irq.c.obj
 .rodata.timer_hardware_alarm_claim.str1.4
                0x10006bb2       0x22 CMakeFiles/TCD1304.dir/C_/Users/kentc/.pico-sdk/sdk/2.0.0/src/rp2_common/hardware_timer/timer.c.obj
 .rodata.hard_assertion_failure.str1.4
                0x10006bb2        0xc CMakeFiles/TCD1304.dir/C_/Users/kentc/.pico-sdk/sdk/2.0.0/src/rp2_common/pico_runtime/runtime.c.obj
 .rodata.missing_double_func_shim.str1.4
                0x10006bb2       0x18 CMakeFiles/TCD1304.dir/C_/Users/kentc/.pico-sdk/sdk/2.0.0/src/rp2_common/pico_double/double_init_rom_rp2040.c.obj
 .rodata.missing_float_func_shim.str1.4
                0x10006bb2        0x1 CMakeFiles/TCD1304.dir/C_/Users/kentc/.pico-sdk/sdk/2.0.0/src/rp2_common/pico_float/float_init_rom_rp2040.c.obj
 .rodata.str1.4
                0x10006bb2       0x44 CMakeFiles/TCD1304.dir/C_/Users/kentc/.pico-sdk/sdk/2.0.0/src/rp2_common/pico_standard_binary_info/standard_binary_info.c.obj
 *fill*         0x10006bb2        0x2 
 .rodata.__bi_84
                0x10006bb4        0xc CMakeFiles/TCD1304.dir/C_/Users/kentc/.pico-sdk/sdk/2.0.0/src/rp2_common/pico_standard_binary_info/standard_binary_info.c.obj
 .rodata.__bi_60
                0x10006bc0        0xc CMakeFiles/TCD1304.dir/C_/Users/kentc/.pico-sdk/sdk/2.0.0/src/rp2_common/pico_standard_binary_info/standard_binary_info.c.obj
 .rodata.__bi_54
                0x10006bcc        0xc CMakeFiles/TCD1304.dir/C_/Users/kentc/.pico-sdk/sdk/2.0.0/src/rp2_common/pico_standard_binary_info/standard_binary_info.c.obj
 .rodata.__bi_48
                0x10006bd8        0xc CMakeFiles/TCD1304.dir/C_/Users/kentc/.pico-sdk/sdk/2.0.0/src/rp2_common/pico_standard_binary_info/standard_binary_info.c.obj
 .rodata.__bi_42
                0x10006be4        0xc CMakeFiles/TCD1304.dir/C_/Users/kentc/.pico-sdk/sdk/2.0.0/src/rp2_common/pico_standard_binary_info/standard_binary_info.c.obj
 .rodata.__bi_34
                0x10006bf0        0xc CMakeFiles/TCD1304.dir/C_/Users/kentc/.pico-sdk/sdk/2.0.0/src/rp2_common/pico_standard_binary_info/standard_binary_info.c.obj
 .rodata.__bi_26
                0x10006bfc        0xc CMakeFiles/TCD1304.dir/C_/Users/kentc/.pico-sdk/sdk/2.0.0/src/rp2_common/pico_standard_binary_info/standard_binary_info.c.obj
 .rodata._ftoa.str1.4
                0x10006c08       0x15 CMakeFiles/TCD1304.dir/C_/Users/kentc/.pico-sdk/sdk/2.0.0/src/rp2_common/pico_printf/printf.c.obj
 .rodata._vsnprintf
                0x10006c08      0x19c CMakeFiles/TCD1304.dir/C_/Users/kentc/.pico-sdk/sdk/2.0.0/src/rp2_common/pico_printf/printf.c.obj
 *fill*         0x10006da4        0x4 
 .rodata.pow10.0
                0x10006da8       0x50 CMakeFiles/TCD1304.dir/C_/Users/kentc/.pico-sdk/sdk/2.0.0/src/rp2_common/pico_printf/printf.c.obj
 .rodata.crlf_str.0
                0x10006df8        0x2 CMakeFiles/TCD1304.dir/C_/Users/kentc/.pico-sdk/sdk/2.0.0/src/rp2_common/pico_stdio/stdio.c.obj
 *fill*         0x10006dfa        0x2 
 .rodata._resetd_driver
                0x10006dfc       0x20 CMakeFiles/TCD1304.dir/C_/Users/kentc/.pico-sdk/sdk/2.0.0/src/rp2_common/pico_stdio_usb/reset_interface.c.obj
 .rodata.desc_ms_os_20
                0x10006e1c       0xa6 CMakeFiles/TCD1304.dir/C_/Users/kentc/.pico-sdk/sdk/2.0.0/src/rp2_common/pico_stdio_usb/reset_interface.c.obj
 *fill*         0x10006ec2        0x2 
 .rodata.desc_bos
                0x10006ec4       0x21 CMakeFiles/TCD1304.dir/C_/Users/kentc/.pico-sdk/sdk/2.0.0/src/rp2_common/pico_stdio_usb/reset_interface.c.obj
                0x10006ec4                desc_bos
 .rodata.str1.4
                0x10006ee5       0x13 CMakeFiles/TCD1304.dir/C_/Users/kentc/.pico-sdk/sdk/2.0.0/src/rp2_common/pico_stdio_usb/stdio_usb.c.obj
 *fill*         0x10006ee5        0x3 
 .rodata.__bi_197.0
                0x10006ee8        0xc CMakeFiles/TCD1304.dir/C_/Users/kentc/.pico-sdk/sdk/2.0.0/src/rp2_common/pico_stdio_usb/stdio_usb.c.obj
 .rodata.str1.4
                0x10006ef4       0x2a CMakeFiles/TCD1304.dir/C_/Users/kentc/.pico-sdk/sdk/2.0.0/src/rp2_common/pico_stdio_usb/stdio_usb_descriptors.c.obj
 .rodata.usbd_desc_str
                0x10006ef4       0x18 CMakeFiles/TCD1304.dir/C_/Users/kentc/.pico-sdk/sdk/2.0.0/src/rp2_common/pico_stdio_usb/stdio_usb_descriptors.c.obj
 .rodata.usbd_desc_cfg
                0x10006f0c       0x54 CMakeFiles/TCD1304.dir/C_/Users/kentc/.pico-sdk/sdk/2.0.0/src/rp2_common/pico_stdio_usb/stdio_usb_descriptors.c.obj
 .rodata.usbd_desc_device
                0x10006f60       0x12 CMakeFiles/TCD1304.dir/C_/Users/kentc/.pico-sdk/sdk/2.0.0/src/rp2_common/pico_stdio_usb/stdio_usb_descriptors.c.obj
 .rodata.str1.4
                0x10006f72       0x14 CMakeFiles/TCD1304.dir/C_/Users/kentc/.pico-sdk/sdk/2.0.0/lib/tinyusb/src/portable/raspberrypi/rp2040/dcd_rp2040.c.obj
 .rodata.str1.4
                0x10006f72       0x48 CMakeFiles/TCD1304.dir/C_/Users/kentc/.pico-sdk/sdk/2.0.0/lib/tinyusb/src/portable/raspberrypi/rp2040/rp2040_usb.c.obj
 *fill*         0x10006f72        0x2 
 .rodata.tud_task_ext
                0x10006f74       0x8c CMakeFiles/TCD1304.dir/C_/Users/kentc/.pico-sdk/sdk/2.0.0/lib/tinyusb/src/device/usbd.c.obj
 .rodata        0x10007000       0x1c CMakeFiles/TCD1304.dir/C_/Users/kentc/.pico-sdk/sdk/2.0.0/lib/tinyusb/src/device/usbd.c.obj
 .rodata._usbd_driver
                0x1000701c       0x40 CMakeFiles/TCD1304.dir/C_/Users/kentc/.pico-sdk/sdk/2.0.0/lib/tinyusb/src/device/usbd.c.obj
 .rodata.dma_claim_unused_channel.str1.4
                0x1000705c       0x1e CMakeFiles/TCD1304.dir/C_/Users/kentc/.pico-sdk/sdk/2.0.0/src/rp2_common/hardware_dma/dma.c.obj
                0x1000707c                        . = ALIGN (0x4)
 *(SORT_BY_ALIGNMENT(SORT_BY_NAME(.flashdata*)))
                0x1000707c                        . = ALIGN (0x4)

.ARM.extab
 *(.ARM.extab* .gnu.linkonce.armextab.*)
                0x1000705c                        __exidx_start = .

.ARM.exidx
 *(.ARM.exidx* .gnu.linkonce.armexidx.*)
                0x1000705c                        __exidx_end = .
                0x1000707c                        . = ALIGN (0x4)
                0x1000705c                        __binary_info_start = .

.binary_info    0x1000705c       0x20
 *(.binary_info.keep.*)
 .binary_info.keep.__bi_ptr84
                0x1000705c        0x4 CMakeFiles/TCD1304.dir/C_/Users/kentc/.pico-sdk/sdk/2.0.0/src/rp2_common/pico_standard_binary_info/standard_binary_info.c.obj
 .binary_info.keep.__bi_ptr60
                0x10007060        0x4 CMakeFiles/TCD1304.dir/C_/Users/kentc/.pico-sdk/sdk/2.0.0/src/rp2_common/pico_standard_binary_info/standard_binary_info.c.obj
 .binary_info.keep.__bi_ptr54
                0x10007064        0x4 CMakeFiles/TCD1304.dir/C_/Users/kentc/.pico-sdk/sdk/2.0.0/src/rp2_common/pico_standard_binary_info/standard_binary_info.c.obj
 .binary_info.keep.__bi_ptr48
                0x10007068        0x4 CMakeFiles/TCD1304.dir/C_/Users/kentc/.pico-sdk/sdk/2.0.0/src/rp2_common/pico_standard_binary_info/standard_binary_info.c.obj
 .binary_info.keep.__bi_ptr42
                0x1000706c        0x4 CMakeFiles/TCD1304.dir/C_/Users/kentc/.pico-sdk/sdk/2.0.0/src/rp2_common/pico_standard_binary_info/standard_binary_info.c.obj
 .binary_info.keep.__bi_ptr34
                0x10007070        0x4 CMakeFiles/TCD1304.dir/C_/Users/kentc/.pico-sdk/sdk/2.0.0/src/rp2_common/pico_standard_binary_info/standard_binary_info.c.obj
 .binary_info.keep.__bi_ptr26
                0x10007074        0x4 CMakeFiles/TCD1304.dir/C_/Users/kentc/.pico-sdk/sdk/2.0.0/src/rp2_common/pico_standard_binary_info/standard_binary_info.c.obj
 *(.binary_info.*)
 .binary_info.__bi_ptr197
                0x10007078        0x4 CMakeFiles/TCD1304.dir/C_/Users/kentc/.pico-sdk/sdk/2.0.0/src/rp2_common/pico_stdio_usb/stdio_usb.c.obj
                0x1000707c                        __binary_info_end = .

.rel.dyn        0x1000707c        0x0
 .rel.iplt      0x1000707c        0x0 C:/Users/kentc/.pico-sdk/toolchain/13_2_Rel1/bin/../lib/gcc/arm-none-eabi/13.2.1/thumb/v6-m/nofp/crtbegin.o
                0x1000707c                        . = ALIGN (0x4)

.ram_vector_table
                0x20000000       0xc0
 *(.ram_vector_table)
 .ram_vector_table
                0x20000000       0xc0 CMakeFiles/TCD1304.dir/C_/Users/kentc/.pico-sdk/sdk/2.0.0/src/rp2_common/pico_runtime_init/runtime_init.c.obj
                0x20000000                ram_vector_table

.uninitialized_data
                0x200000c0        0x0
                0x200000c0                        . = ALIGN (0x4)
 *(.uninitialized_data*)

.data           0x200000c0      0xfa8 load address 0x1000707c
                0x200000c0                        __data_start__ = .
 *(vtable)
 *(.time_critical*)
 .time_critical.mutex_try_enter
                0x200000c0       0x40 CMakeFiles/TCD1304.dir/C_/Users/kentc/.pico-sdk/sdk/2.0.0/src/common/pico_sync/mutex.c.obj
                0x200000c0                mutex_try_enter
 .time_critical.mutex_try_enter_block_until
                0x20000100       0x9c CMakeFiles/TCD1304.dir/C_/Users/kentc/.pico-sdk/sdk/2.0.0/src/common/pico_sync/mutex.c.obj
                0x20000100                mutex_try_enter_block_until
 .time_critical.mutex_enter_timeout_ms
                0x2000019c       0x90 CMakeFiles/TCD1304.dir/C_/Users/kentc/.pico-sdk/sdk/2.0.0/src/common/pico_sync/mutex.c.obj
                0x2000019c                mutex_enter_timeout_ms
 .time_critical.mutex_exit
                0x2000022c       0x28 CMakeFiles/TCD1304.dir/C_/Users/kentc/.pico-sdk/sdk/2.0.0/src/common/pico_sync/mutex.c.obj
                0x2000022c                mutex_exit
 .time_critical.flash_init_boot2_copyout
                0x20000254       0x30 CMakeFiles/TCD1304.dir/C_/Users/kentc/.pico-sdk/sdk/2.0.0/src/rp2_common/hardware_flash/flash.c.obj
 .time_critical.flash_enable_xip_via_boot2
                0x20000284        0xc CMakeFiles/TCD1304.dir/C_/Users/kentc/.pico-sdk/sdk/2.0.0/src/rp2_common/hardware_flash/flash.c.obj
 .time_critical.flash_cs_force
                0x20000290       0x38 CMakeFiles/TCD1304.dir/C_/Users/kentc/.pico-sdk/sdk/2.0.0/src/rp2_common/hardware_flash/flash.c.obj
 .time_critical.flash_do_cmd
                0x200002c8       0xc0 CMakeFiles/TCD1304.dir/C_/Users/kentc/.pico-sdk/sdk/2.0.0/src/rp2_common/hardware_flash/flash.c.obj
                0x200002c8                flash_do_cmd
 .time_critical.reset_non_control_endpoints
                0x20000388       0x68 CMakeFiles/TCD1304.dir/C_/Users/kentc/.pico-sdk/sdk/2.0.0/lib/tinyusb/src/portable/raspberrypi/rp2040/dcd_rp2040.c.obj
 .time_critical.hw_handle_buff_status
                0x200003f0       0xb0 CMakeFiles/TCD1304.dir/C_/Users/kentc/.pico-sdk/sdk/2.0.0/lib/tinyusb/src/portable/raspberrypi/rp2040/dcd_rp2040.c.obj
 .time_critical.dcd_rp2040_irq
                0x200004a0      0x578 CMakeFiles/TCD1304.dir/C_/Users/kentc/.pico-sdk/sdk/2.0.0/lib/tinyusb/src/portable/raspberrypi/rp2040/dcd_rp2040.c.obj
 .time_critical.prepare_ep_buffer
                0x20000a18       0xe0 CMakeFiles/TCD1304.dir/C_/Users/kentc/.pico-sdk/sdk/2.0.0/lib/tinyusb/src/portable/raspberrypi/rp2040/rp2040_usb.c.obj
 .time_critical.sync_ep_buffer
                0x20000af8       0xa8 CMakeFiles/TCD1304.dir/C_/Users/kentc/.pico-sdk/sdk/2.0.0/lib/tinyusb/src/portable/raspberrypi/rp2040/rp2040_usb.c.obj
 .time_critical._hw_endpoint_xfer_sync
                0x20000ba0       0x28 CMakeFiles/TCD1304.dir/C_/Users/kentc/.pico-sdk/sdk/2.0.0/lib/tinyusb/src/portable/raspberrypi/rp2040/rp2040_usb.c.obj
 .time_critical.e15_is_bulkin_ep
                0x20000bc8       0x28 CMakeFiles/TCD1304.dir/C_/Users/kentc/.pico-sdk/sdk/2.0.0/lib/tinyusb/src/portable/raspberrypi/rp2040/rp2040_usb.c.obj
 .time_critical.e15_is_critical_frame_period
                0x20000bf0       0x34 CMakeFiles/TCD1304.dir/C_/Users/kentc/.pico-sdk/sdk/2.0.0/lib/tinyusb/src/portable/raspberrypi/rp2040/rp2040_usb.c.obj
 .time_critical.hw_endpoint_reset_transfer
                0x20000c24        0xc CMakeFiles/TCD1304.dir/C_/Users/kentc/.pico-sdk/sdk/2.0.0/lib/tinyusb/src/portable/raspberrypi/rp2040/rp2040_usb.c.obj
                0x20000c24                hw_endpoint_reset_transfer
 .time_critical._hw_endpoint_buffer_control_update32
                0x20000c30       0x50 CMakeFiles/TCD1304.dir/C_/Users/kentc/.pico-sdk/sdk/2.0.0/lib/tinyusb/src/portable/raspberrypi/rp2040/rp2040_usb.c.obj
                0x20000c30                _hw_endpoint_buffer_control_update32
 .time_critical.hw_endpoint_start_next_buffer
                0x20000c80       0x6c CMakeFiles/TCD1304.dir/C_/Users/kentc/.pico-sdk/sdk/2.0.0/lib/tinyusb/src/portable/raspberrypi/rp2040/rp2040_usb.c.obj
                0x20000c80                hw_endpoint_start_next_buffer
 .time_critical.hw_endpoint_xfer_continue
                0x20000cec       0x40 CMakeFiles/TCD1304.dir/C_/Users/kentc/.pico-sdk/sdk/2.0.0/lib/tinyusb/src/portable/raspberrypi/rp2040/rp2040_usb.c.obj
                0x20000cec                hw_endpoint_xfer_continue
 .time_critical.tinyusb
                0x20000d2c      0x1e4 CMakeFiles/TCD1304.dir/C_/Users/kentc/.pico-sdk/sdk/2.0.0/lib/tinyusb/src/device/usbd.c.obj
                0x20000d2c                dcd_event_handler
 *(.text*)
 .text          0x20000f10        0x4 C:/Users/kentc/.pico-sdk/toolchain/13_2_Rel1/bin/../lib/gcc/arm-none-eabi/13.2.1/thumb/v6-m/nofp\libgcc.a(_dvmd_tls.o)
                0x20000f10                __aeabi_idiv0
                0x20000f10                __aeabi_ldiv0
 *fill*         0x20000f14        0x4 
 .text.__stub   0x20000f18       0x80 linker stubs
                0x20000f98                        . = ALIGN (0x4)
 *(.rodata*)
                0x20000f98                        . = ALIGN (0x4)
 *(.data*)
 .data.striped_spin_lock_num
                0x20000f98        0x1 CMakeFiles/TCD1304.dir/C_/Users/kentc/.pico-sdk/sdk/2.0.0/src/rp2_common/hardware_sync/sync.c.obj
 *fill*         0x20000f99        0x3 
 .data          0x20000f9c       0x48 CMakeFiles/TCD1304.dir/C_/Users/kentc/.pico-sdk/sdk/2.0.0/src/rp2_common/hardware_irq/irq_handler_chain.S.obj
                0x20000f9c                irq_handler_chain_slots
                0x20000fcc                irq_handler_chain_first_slot
                0x20000fd6                irq_handler_chain_remove_tail
 .data.default_alarm_pool
                0x20000fe4       0x18 CMakeFiles/TCD1304.dir/C_/Users/kentc/.pico-sdk/sdk/2.0.0/src/common/pico_time/time.c.obj
 *fill*         0x20000ffc        0x4 
 .data.aeabi_bits_funcs
                0x20001000       0x10 CMakeFiles/TCD1304.dir/C_/Users/kentc/.pico-sdk/sdk/2.0.0/src/rp2_common/pico_bit_ops/bit_ops_aeabi.S.obj
                0x20001000                aeabi_bits_funcs
                0x20001010                aeabi_bits_funcs_end
 .data.aeabi_mem_funcs
                0x20001010       0x10 CMakeFiles/TCD1304.dir/C_/Users/kentc/.pico-sdk/sdk/2.0.0/src/rp2_common/pico_mem_ops/mem_ops_aeabi.S.obj
                0x20001010                aeabi_mem_funcs
                0x20001020                aeabi_mem_funcs_end
 .data.stdio_usb
                0x20001020       0x18 CMakeFiles/TCD1304.dir/C_/Users/kentc/.pico-sdk/sdk/2.0.0/src/rp2_common/pico_stdio_usb/stdio_usb.c.obj
                0x20001020                stdio_usb
 .data._usbd_qdef
                0x20001038       0x1c CMakeFiles/TCD1304.dir/C_/Users/kentc/.pico-sdk/sdk/2.0.0/lib/tinyusb/src/device/usbd.c.obj
                0x20001038                _usbd_qdef
 .data._usbd_rhport
                0x20001054        0x1 CMakeFiles/TCD1304.dir/C_/Users/kentc/.pico-sdk/sdk/2.0.0/lib/tinyusb/src/device/usbd.c.obj
                0x20001058                        . = ALIGN (0x4)
 *fill*         0x20001055        0x3 
 *(.after_data.*)
                0x20001058                        . = ALIGN (0x4)
                0x20001058                        PROVIDE (__mutex_array_start = .)
 *(SORT_BY_NAME(.mutex_array.*))
 *(.mutex_array)
 .mutex_array   0x20001058        0x8 CMakeFiles/TCD1304.dir/C_/Users/kentc/.pico-sdk/sdk/2.0.0/src/rp2_common/pico_malloc/malloc.c.obj
 .mutex_array   0x20001060        0x8 CMakeFiles/TCD1304.dir/C_/Users/kentc/.pico-sdk/sdk/2.0.0/src/rp2_common/pico_stdio/stdio.c.obj
                0x20001068                        PROVIDE (__mutex_array_end = .)
                0x20001068                        . = ALIGN (0x4)
 *(.jcr)
                0x20001068                        . = ALIGN (0x4)

.tm_clone_table
                0x20001068        0x0 load address 0x10008024
 .tm_clone_table
                0x20001068        0x0 C:/Users/kentc/.pico-sdk/toolchain/13_2_Rel1/bin/../lib/gcc/arm-none-eabi/13.2.1/thumb/v6-m/nofp/crtbegin.o
 .tm_clone_table
                0x20001068        0x0 C:/Users/kentc/.pico-sdk/toolchain/13_2_Rel1/bin/../lib/gcc/arm-none-eabi/13.2.1/thumb/v6-m/nofp/crtend.o

.igot.plt       0x20001068        0x0 load address 0x10008024
 .igot.plt      0x20001068        0x0 C:/Users/kentc/.pico-sdk/toolchain/13_2_Rel1/bin/../lib/gcc/arm-none-eabi/13.2.1/thumb/v6-m/nofp/crtbegin.o

.tdata          0x20001068        0x0 load address 0x10008024
                0x20001068                        . = ALIGN (0x4)
 *(.tdata .tdata.* .gnu.linkonce.td.*)
                0x20001068                        __tdata_end = .
                0x20001068                        PROVIDE (__data_end__ = .)
                0x1000707c                        __etext = LOADADDR (.data)

.tbss           0x20001068        0x0 load address 0x10008024
                0x20001068                        . = ALIGN (0x4)
                0x20001068                        __bss_start__ = .
                0x20001068                        __tls_base = .
 *(.tbss .tbss.* .gnu.linkonce.tb.*)
 *(.tcommon)
                0x20001068                        __tls_end = .

.bss            0x20001068     0x1ee0 load address 0x10008024
                0x20001068                        . = ALIGN (0x4)
                0x20001068                        __tbss_end = .
 *(SORT_BY_ALIGNMENT(SORT_BY_NAME(.bss*)))
 .bss._vendord_itf
                0x20001068      0x2bc CMakeFiles/TCD1304.dir/C_/Users/kentc/.pico-sdk/sdk/2.0.0/lib/tinyusb/src/class/vendor/vendor_device.c.obj
 *fill*         0x20001324        0x4 
 .bss.default_alarm_pool_entries
                0x20001328      0x180 CMakeFiles/TCD1304.dir/C_/Users/kentc/.pico-sdk/sdk/2.0.0/src/common/pico_time/time.c.obj
 .bss.last_avail_time.1
                0x200014a8        0x8 CMakeFiles/TCD1304.dir/C_/Users/kentc/.pico-sdk/sdk/2.0.0/src/rp2_common/pico_stdio_usb/stdio_usb.c.obj
 .bss.sd_table  0x200014b0      0x100 CMakeFiles/TCD1304.dir/C_/Users/kentc/.pico-sdk/sdk/2.0.0/src/rp2_common/pico_double/double_init_rom_rp2040.c.obj
                0x200014b0                sd_table
 .bss._app_driver
                0x200015b0        0x4 CMakeFiles/TCD1304.dir/C_/Users/kentc/.pico-sdk/sdk/2.0.0/lib/tinyusb/src/device/usbd.c.obj
 .bss._cdcd_fifo_cfg
                0x200015b4        0x1 CMakeFiles/TCD1304.dir/C_/Users/kentc/.pico-sdk/sdk/2.0.0/lib/tinyusb/src/class/cdc/cdc_device.c.obj
 *fill*         0x200015b5        0x3 
 .bss._cdcd_itf
                0x200015b8      0x2c8 CMakeFiles/TCD1304.dir/C_/Users/kentc/.pico-sdk/sdk/2.0.0/lib/tinyusb/src/class/cdc/cdc_device.c.obj
 .bss._ctrl_xfer
                0x20001880       0x14 CMakeFiles/TCD1304.dir/C_/Users/kentc/.pico-sdk/sdk/2.0.0/lib/tinyusb/src/device/usbd_control.c.obj
 .bss._ubsd_mutexdef
                0x20001894        0x8 CMakeFiles/TCD1304.dir/C_/Users/kentc/.pico-sdk/sdk/2.0.0/lib/tinyusb/src/device/usbd.c.obj
 .bss._usbd_ctrl_buf
                0x2000189c       0x40 CMakeFiles/TCD1304.dir/C_/Users/kentc/.pico-sdk/sdk/2.0.0/lib/tinyusb/src/device/usbd_control.c.obj
 .bss._usbd_dev
                0x200018dc       0x54 CMakeFiles/TCD1304.dir/C_/Users/kentc/.pico-sdk/sdk/2.0.0/lib/tinyusb/src/device/usbd.c.obj
 .bss._usbd_mutex
                0x20001930        0x4 CMakeFiles/TCD1304.dir/C_/Users/kentc/.pico-sdk/sdk/2.0.0/lib/tinyusb/src/device/usbd.c.obj
 .bss._usbd_q   0x20001934        0x4 CMakeFiles/TCD1304.dir/C_/Users/kentc/.pico-sdk/sdk/2.0.0/lib/tinyusb/src/device/usbd.c.obj
 .bss._usbd_qdef_buf
                0x20001938       0xc0 CMakeFiles/TCD1304.dir/C_/Users/kentc/.pico-sdk/sdk/2.0.0/lib/tinyusb/src/device/usbd.c.obj
                0x20001938                _usbd_qdef_buf
 .bss.boot2_copyout
                0x200019f8      0x100 CMakeFiles/TCD1304.dir/C_/Users/kentc/.pico-sdk/sdk/2.0.0/src/rp2_common/hardware_flash/flash.c.obj
 .bss.capture_buf
                0x20001af8      0xe6e CMakeFiles/TCD1304.dir/TCD1304.c.obj
                0x20001af8                capture_buf
 *fill*         0x20002966        0x2 
 .bss.chars_available_callback
                0x20002968        0x4 CMakeFiles/TCD1304.dir/C_/Users/kentc/.pico-sdk/sdk/2.0.0/src/rp2_common/pico_stdio_usb/stdio_usb.c.obj
 .bss.chars_available_param
                0x2000296c        0x4 CMakeFiles/TCD1304.dir/C_/Users/kentc/.pico-sdk/sdk/2.0.0/src/rp2_common/pico_stdio_usb/stdio_usb.c.obj
 .bss.claimed   0x20002970        0x4 CMakeFiles/TCD1304.dir/C_/Users/kentc/.pico-sdk/sdk/2.0.0/src/rp2_common/hardware_sync/sync.c.obj
 .bss.claimed   0x20002974        0x1 CMakeFiles/TCD1304.dir/C_/Users/kentc/.pico-sdk/sdk/2.0.0/src/rp2_common/hardware_timer/timer.c.obj
 *fill*         0x20002975        0x3 
 .bss.configured_freq
                0x20002978       0x28 CMakeFiles/TCD1304.dir/C_/Users/kentc/.pico-sdk/sdk/2.0.0/src/rp2_common/hardware_clocks/clocks.c.obj
 .bss.desc_str.0
                0x200029a0       0x28 CMakeFiles/TCD1304.dir/C_/Users/kentc/.pico-sdk/sdk/2.0.0/src/rp2_common/pico_stdio_usb/stdio_usb_descriptors.c.obj
 .bss.drivers   0x200029c8        0x4 CMakeFiles/TCD1304.dir/C_/Users/kentc/.pico-sdk/sdk/2.0.0/src/rp2_common/pico_stdio/stdio.c.obj
 .bss.e15_last_sof
                0x200029cc        0x4 CMakeFiles/TCD1304.dir/C_/Users/kentc/.pico-sdk/sdk/2.0.0/lib/tinyusb/src/portable/raspberrypi/rp2040/rp2040_usb.c.obj
                0x200029cc                e15_last_sof
 .bss.filter    0x200029d0        0x4 CMakeFiles/TCD1304.dir/C_/Users/kentc/.pico-sdk/sdk/2.0.0/src/rp2_common/pico_stdio/stdio.c.obj
 .bss.hw_endpoints
                0x200029d4      0x400 CMakeFiles/TCD1304.dir/C_/Users/kentc/.pico-sdk/sdk/2.0.0/lib/tinyusb/src/portable/raspberrypi/rp2040/dcd_rp2040.c.obj
 .bss.lazy_vsnprintf
                0x20002dd4        0x4 CMakeFiles/TCD1304.dir/C_/Users/kentc/.pico-sdk/sdk/2.0.0/src/rp2_common/pico_printf/printf.c.obj
 .bss.load_value
                0x20002dd8        0x4 CMakeFiles/TCD1304.dir/C_/Users/kentc/.pico-sdk/sdk/2.0.0/src/rp2_common/hardware_watchdog/watchdog.c.obj
 .bss.next_buffer_ptr
                0x20002ddc        0x4 CMakeFiles/TCD1304.dir/C_/Users/kentc/.pico-sdk/sdk/2.0.0/lib/tinyusb/src/portable/raspberrypi/rp2040/dcd_rp2040.c.obj
 .bss.object.0  0x20002de0       0x18 C:/Users/kentc/.pico-sdk/toolchain/13_2_Rel1/bin/../lib/gcc/arm-none-eabi/13.2.1/thumb/v6-m/nofp/crtbegin.o
 .bss.one_shot_timer_crit_sec
                0x20002df8        0x8 CMakeFiles/TCD1304.dir/C_/Users/kentc/.pico-sdk/sdk/2.0.0/src/rp2_common/pico_stdio_usb/stdio_usb.c.obj
 .bss.pools     0x20002e00       0x10 CMakeFiles/TCD1304.dir/C_/Users/kentc/.pico-sdk/sdk/2.0.0/src/common/pico_time/time.c.obj
 .bss.retrieved_id
                0x20002e10        0x8 CMakeFiles/TCD1304.dir/C_/Users/kentc/.pico-sdk/sdk/2.0.0/src/rp2_common/pico_unique_id/unique_id.c.obj
 .bss.sf_clz_func
                0x20002e18        0x4 CMakeFiles/TCD1304.dir/C_/Users/kentc/.pico-sdk/sdk/2.0.0/src/rp2_common/pico_double/double_init_rom_rp2040.c.obj
                0x20002e18                sf_clz_func
 .bss.sf_table  0x20002e1c      0x100 CMakeFiles/TCD1304.dir/C_/Users/kentc/.pico-sdk/sdk/2.0.0/src/rp2_common/pico_float/float_init_rom_rp2040.c.obj
                0x20002e1c                sf_table
 .bss.sleep_notifier
                0x20002f1c        0x4 CMakeFiles/TCD1304.dir/C_/Users/kentc/.pico-sdk/sdk/2.0.0/src/common/pico_time/time.c.obj
 .bss.stdio_usb_mutex
                0x20002f20        0x8 CMakeFiles/TCD1304.dir/C_/Users/kentc/.pico-sdk/sdk/2.0.0/src/rp2_common/pico_stdio_usb/stdio_usb.c.obj
 .bss.usbd_serial_str
                0x20002f28       0x11 CMakeFiles/TCD1304.dir/C_/Users/kentc/.pico-sdk/sdk/2.0.0/src/rp2_common/pico_stdio_usb/stdio_usb_descriptors.c.obj
 *fill*         0x20002f39        0x1 
 .bss._claimed  0x20002f3a        0x2 CMakeFiles/TCD1304.dir/C_/Users/kentc/.pico-sdk/sdk/2.0.0/src/rp2_common/hardware_dma/dma.c.obj
 .bss._app_driver_count
                0x20002f3c        0x1 CMakeFiles/TCD1304.dir/C_/Users/kentc/.pico-sdk/sdk/2.0.0/lib/tinyusb/src/device/usbd.c.obj
 .bss._sof_enable
                0x20002f3d        0x1 CMakeFiles/TCD1304.dir/C_/Users/kentc/.pico-sdk/sdk/2.0.0/lib/tinyusb/src/portable/raspberrypi/rp2040/dcd_rp2040.c.obj
 .bss._usbd_queued_setup
                0x20002f3e        0x1 CMakeFiles/TCD1304.dir/C_/Users/kentc/.pico-sdk/sdk/2.0.0/lib/tinyusb/src/device/usbd.c.obj
 .bss.boot2_copyout_valid
                0x20002f3f        0x1 CMakeFiles/TCD1304.dir/C_/Users/kentc/.pico-sdk/sdk/2.0.0/src/rp2_common/hardware_flash/flash.c.obj
 .bss.irq_handler_chain_free_slot_head
                0x20002f40        0x1 CMakeFiles/TCD1304.dir/C_/Users/kentc/.pico-sdk/sdk/2.0.0/src/rp2_common/hardware_irq/irq.c.obj
 .bss.itf_num   0x20002f41        0x1 CMakeFiles/TCD1304.dir/C_/Users/kentc/.pico-sdk/sdk/2.0.0/src/rp2_common/pico_stdio_usb/reset_interface.c.obj
 .bss.low_priority_irq_num
                0x20002f42        0x1 CMakeFiles/TCD1304.dir/C_/Users/kentc/.pico-sdk/sdk/2.0.0/src/rp2_common/pico_stdio_usb/stdio_usb.c.obj
 .bss.one_shot_timer_pending
                0x20002f43        0x1 CMakeFiles/TCD1304.dir/C_/Users/kentc/.pico-sdk/sdk/2.0.0/src/rp2_common/pico_stdio_usb/stdio_usb.c.obj
 .bss.user_irq_claimed
                0x20002f44        0x1 CMakeFiles/TCD1304.dir/C_/Users/kentc/.pico-sdk/sdk/2.0.0/src/rp2_common/hardware_irq/irq.c.obj
 *(COMMON)
                0x20002f48                        . = ALIGN (0x4)
 *fill*         0x20002f45        0x3 
                0x20002f48                        __bss_end__ = .

.heap           0x20002f48    0x3d0b8 load address 0x10008024
                0x20002f48                        __end__ = .
                0x20002f48                        end = __end__
 *(.heap*)
 .heap          0x20002f48      0x800 CMakeFiles/TCD1304.dir/C_/Users/kentc/.pico-sdk/sdk/2.0.0/src/rp2_common/pico_crt0/crt0.S.obj
                0x20040000                        . = (ORIGIN (RAM) + LENGTH (RAM))
 *fill*         0x20003748    0x3c8b8 
                0x20040000                        __HeapLimit = .

.scratch_x      0x20040000        0x0 load address 0x10008024
                0x20040000                        __scratch_x_start__ = .
 *(.scratch_x.*)
                0x20040000                        . = ALIGN (0x4)
                0x20040000                        __scratch_x_end__ = .
                0x10008024                        __scratch_x_source__ = LOADADDR (.scratch_x)

.scratch_y      0x20041000        0x0 load address 0x10008024
                0x20041000                        __scratch_y_start__ = .
 *(.scratch_y.*)
                0x20041000                        . = ALIGN (0x4)
                0x20041000                        __scratch_y_end__ = .
                0x10008024                        __scratch_y_source__ = LOADADDR (.scratch_y)

.stack1_dummy   0x20040000      0x800
 *(.stack1*)
 .stack1        0x20040000      0x800 CMakeFiles/TCD1304.dir/C_/Users/kentc/.pico-sdk/sdk/2.0.0/src/rp2_common/pico_multicore/multicore.c.obj

.stack_dummy    0x20041000      0x800
 *(.stack*)
 .stack         0x20041000      0x800 CMakeFiles/TCD1304.dir/C_/Users/kentc/.pico-sdk/sdk/2.0.0/src/rp2_common/pico_crt0/crt0.S.obj

.flash_end      0x10008024        0x0
 *(.embedded_end_block*)
                0x10008024                        PROVIDE (__flash_binary_end = .)
                0x20040000                        __StackLimit = (ORIGIN (RAM) + LENGTH (RAM))
                0x20041000                        __StackOneTop = (ORIGIN (SCRATCH_X) + LENGTH (SCRATCH_X))
                0x20042000                        __StackTop = (ORIGIN (SCRATCH_Y) + LENGTH (SCRATCH_Y))
                0x20040800                        __StackOneBottom = (__StackOneTop - SIZEOF (.stack1_dummy))
                0x20041800                        __StackBottom = (__StackTop - SIZEOF (.stack_dummy))
                0x20042000                        PROVIDE (__stack = __StackTop)
                [!provide]                        PROVIDE (__heap_start = __end__)
                [!provide]                        PROVIDE (__heap_end = __HeapLimit)
                [!provide]                        PROVIDE (__tls_align = MAX (ALIGNOF (.tdata), ALIGNOF (.tbss)))
                [!provide]                        PROVIDE (__tls_size_align = (((__tls_size + __tls_align) - 0x1) & ~ ((__tls_align - 0x1))))
                [!provide]                        PROVIDE (__arm32_tls_tcb_offset = MAX (0x8, __tls_align))
                [!provide]                        PROVIDE (_end = __end__)
                [!provide]                        PROVIDE (__llvm_libc_heap_limit = __HeapLimit)
                0x00000001                        ASSERT ((__StackLimit >= __HeapLimit), region RAM overflowed)
                0x00000001                        ASSERT (((__binary_info_header_end - __logical_binary_start) <= 0x100), Binary info must be in first 256 bytes of the binary)
LOAD CMakeFiles/TCD1304.dir/TCD1304.c.obj
LOAD CMakeFiles/TCD1304.dir/C_/Users/kentc/.pico-sdk/sdk/2.0.0/src/rp2_common/pico_stdlib/stdlib.c.obj
LOAD CMakeFiles/TCD1304.dir/C_/Users/kentc/.pico-sdk/sdk/2.0.0/src/rp2_common/hardware_gpio/gpio.c.obj
LOAD CMakeFiles/TCD1304.dir/C_/Users/kentc/.pico-sdk/sdk/2.0.0/src/rp2040/pico_platform/platform.c.obj
LOAD CMakeFiles/TCD1304.dir/C_/Users/kentc/.pico-sdk/sdk/2.0.0/src/rp2_common/pico_platform_panic/panic.c.obj
LOAD CMakeFiles/TCD1304.dir/C_/Users/kentc/.pico-sdk/sdk/2.0.0/src/common/hardware_claim/claim.c.obj
LOAD CMakeFiles/TCD1304.dir/C_/Users/kentc/.pico-sdk/sdk/2.0.0/src/rp2_common/hardware_sync/sync.c.obj
LOAD CMakeFiles/TCD1304.dir/C_/Users/kentc/.pico-sdk/sdk/2.0.0/src/rp2_common/hardware_sync_spin_lock/sync_spin_lock.c.obj
LOAD CMakeFiles/TCD1304.dir/C_/Users/kentc/.pico-sdk/sdk/2.0.0/src/rp2_common/hardware_irq/irq.c.obj
LOAD CMakeFiles/TCD1304.dir/C_/Users/kentc/.pico-sdk/sdk/2.0.0/src/rp2_common/hardware_irq/irq_handler_chain.S.obj
LOAD CMakeFiles/TCD1304.dir/C_/Users/kentc/.pico-sdk/sdk/2.0.0/src/common/pico_sync/sem.c.obj
LOAD CMakeFiles/TCD1304.dir/C_/Users/kentc/.pico-sdk/sdk/2.0.0/src/common/pico_sync/lock_core.c.obj
LOAD CMakeFiles/TCD1304.dir/C_/Users/kentc/.pico-sdk/sdk/2.0.0/src/common/pico_sync/mutex.c.obj
LOAD CMakeFiles/TCD1304.dir/C_/Users/kentc/.pico-sdk/sdk/2.0.0/src/common/pico_sync/critical_section.c.obj
LOAD CMakeFiles/TCD1304.dir/C_/Users/kentc/.pico-sdk/sdk/2.0.0/src/common/pico_time/time.c.obj
LOAD CMakeFiles/TCD1304.dir/C_/Users/kentc/.pico-sdk/sdk/2.0.0/src/common/pico_time/timeout_helper.c.obj
LOAD CMakeFiles/TCD1304.dir/C_/Users/kentc/.pico-sdk/sdk/2.0.0/src/rp2_common/hardware_timer/timer.c.obj
LOAD CMakeFiles/TCD1304.dir/C_/Users/kentc/.pico-sdk/sdk/2.0.0/src/common/pico_util/datetime.c.obj
LOAD CMakeFiles/TCD1304.dir/C_/Users/kentc/.pico-sdk/sdk/2.0.0/src/common/pico_util/pheap.c.obj
LOAD CMakeFiles/TCD1304.dir/C_/Users/kentc/.pico-sdk/sdk/2.0.0/src/common/pico_util/queue.c.obj
LOAD CMakeFiles/TCD1304.dir/C_/Users/kentc/.pico-sdk/sdk/2.0.0/src/rp2_common/hardware_uart/uart.c.obj
LOAD CMakeFiles/TCD1304.dir/C_/Users/kentc/.pico-sdk/sdk/2.0.0/src/rp2_common/hardware_clocks/clocks.c.obj
LOAD CMakeFiles/TCD1304.dir/C_/Users/kentc/.pico-sdk/sdk/2.0.0/src/rp2_common/hardware_pll/pll.c.obj
LOAD CMakeFiles/TCD1304.dir/C_/Users/kentc/.pico-sdk/sdk/2.0.0/src/rp2_common/hardware_vreg/vreg.c.obj
LOAD CMakeFiles/TCD1304.dir/C_/Users/kentc/.pico-sdk/sdk/2.0.0/src/rp2_common/hardware_watchdog/watchdog.c.obj
LOAD CMakeFiles/TCD1304.dir/C_/Users/kentc/.pico-sdk/sdk/2.0.0/src/rp2_common/hardware_ticks/ticks.c.obj
LOAD CMakeFiles/TCD1304.dir/C_/Users/kentc/.pico-sdk/sdk/2.0.0/src/rp2_common/hardware_xosc/xosc.c.obj
LOAD CMakeFiles/TCD1304.dir/C_/Users/kentc/.pico-sdk/sdk/2.0.0/src/rp2_common/hardware_divider/divider.S.obj
LOAD CMakeFiles/TCD1304.dir/C_/Users/kentc/.pico-sdk/sdk/2.0.0/src/rp2_common/pico_runtime/runtime.c.obj
LOAD CMakeFiles/TCD1304.dir/C_/Users/kentc/.pico-sdk/sdk/2.0.0/src/rp2_common/pico_runtime_init/runtime_init.c.obj
LOAD CMakeFiles/TCD1304.dir/C_/Users/kentc/.pico-sdk/sdk/2.0.0/src/rp2_common/pico_runtime_init/runtime_init_clocks.c.obj
LOAD CMakeFiles/TCD1304.dir/C_/Users/kentc/.pico-sdk/sdk/2.0.0/src/rp2_common/pico_runtime_init/runtime_init_stack_guard.c.obj
LOAD CMakeFiles/TCD1304.dir/C_/Users/kentc/.pico-sdk/sdk/2.0.0/src/rp2_common/pico_bit_ops/bit_ops_aeabi.S.obj
LOAD CMakeFiles/TCD1304.dir/C_/Users/kentc/.pico-sdk/sdk/2.0.0/src/rp2_common/pico_bootrom/bootrom.c.obj
LOAD CMakeFiles/TCD1304.dir/C_/Users/kentc/.pico-sdk/sdk/2.0.0/src/rp2_common/pico_bootrom/bootrom_lock.c.obj
LOAD CMakeFiles/TCD1304.dir/C_/Users/kentc/.pico-sdk/sdk/2.0.0/src/rp2_common/hardware_boot_lock/boot_lock.c.obj
LOAD CMakeFiles/TCD1304.dir/C_/Users/kentc/.pico-sdk/sdk/2.0.0/src/rp2_common/pico_divider/divider_hardware.S.obj
LOAD CMakeFiles/TCD1304.dir/C_/Users/kentc/.pico-sdk/sdk/2.0.0/src/rp2_common/pico_double/double_aeabi_rp2040.S.obj
LOAD CMakeFiles/TCD1304.dir/C_/Users/kentc/.pico-sdk/sdk/2.0.0/src/rp2_common/pico_double/double_init_rom_rp2040.c.obj
LOAD CMakeFiles/TCD1304.dir/C_/Users/kentc/.pico-sdk/sdk/2.0.0/src/rp2_common/pico_double/double_math.c.obj
LOAD CMakeFiles/TCD1304.dir/C_/Users/kentc/.pico-sdk/sdk/2.0.0/src/rp2_common/pico_double/double_v1_rom_shim_rp2040.S.obj
LOAD CMakeFiles/TCD1304.dir/C_/Users/kentc/.pico-sdk/sdk/2.0.0/src/rp2_common/pico_int64_ops/pico_int64_ops_aeabi.S.obj
LOAD CMakeFiles/TCD1304.dir/C_/Users/kentc/.pico-sdk/sdk/2.0.0/src/rp2_common/pico_float/float_aeabi_rp2040.S.obj
LOAD CMakeFiles/TCD1304.dir/C_/Users/kentc/.pico-sdk/sdk/2.0.0/src/rp2_common/pico_float/float_init_rom_rp2040.c.obj
LOAD CMakeFiles/TCD1304.dir/C_/Users/kentc/.pico-sdk/sdk/2.0.0/src/rp2_common/pico_float/float_math.c.obj
LOAD CMakeFiles/TCD1304.dir/C_/Users/kentc/.pico-sdk/sdk/2.0.0/src/rp2_common/pico_float/float_v1_rom_shim_rp2040.S.obj
LOAD CMakeFiles/TCD1304.dir/C_/Users/kentc/.pico-sdk/sdk/2.0.0/src/rp2_common/pico_malloc/malloc.c.obj
LOAD CMakeFiles/TCD1304.dir/C_/Users/kentc/.pico-sdk/sdk/2.0.0/src/rp2_common/pico_mem_ops/mem_ops_aeabi.S.obj
LOAD CMakeFiles/TCD1304.dir/C_/Users/kentc/.pico-sdk/sdk/2.0.0/src/rp2_common/pico_atomic/atomic.c.obj
LOAD CMakeFiles/TCD1304.dir/C_/Users/kentc/.pico-sdk/sdk/2.0.0/src/rp2_common/pico_cxx_options/new_delete.cpp.obj
LOAD CMakeFiles/TCD1304.dir/C_/Users/kentc/.pico-sdk/sdk/2.0.0/src/rp2_common/pico_standard_binary_info/standard_binary_info.c.obj
LOAD CMakeFiles/TCD1304.dir/C_/Users/kentc/.pico-sdk/sdk/2.0.0/src/rp2_common/pico_printf/printf.c.obj
LOAD CMakeFiles/TCD1304.dir/C_/Users/kentc/.pico-sdk/sdk/2.0.0/src/rp2_common/pico_crt0/crt0.S.obj
LOAD CMakeFiles/TCD1304.dir/C_/Users/kentc/.pico-sdk/sdk/2.0.0/src/rp2_common/pico_clib_interface/newlib_interface.c.obj
LOAD CMakeFiles/TCD1304.dir/C_/Users/kentc/.pico-sdk/sdk/2.0.0/src/rp2_common/pico_stdio/stdio.c.obj
LOAD CMakeFiles/TCD1304.dir/C_/Users/kentc/.pico-sdk/sdk/2.0.0/src/rp2_common/pico_stdio_usb/reset_interface.c.obj
LOAD CMakeFiles/TCD1304.dir/C_/Users/kentc/.pico-sdk/sdk/2.0.0/src/rp2_common/pico_stdio_usb/stdio_usb.c.obj
LOAD CMakeFiles/TCD1304.dir/C_/Users/kentc/.pico-sdk/sdk/2.0.0/src/rp2_common/pico_stdio_usb/stdio_usb_descriptors.c.obj
LOAD CMakeFiles/TCD1304.dir/C_/Users/kentc/.pico-sdk/sdk/2.0.0/src/rp2_common/pico_unique_id/unique_id.c.obj
LOAD CMakeFiles/TCD1304.dir/C_/Users/kentc/.pico-sdk/sdk/2.0.0/src/rp2_common/hardware_flash/flash.c.obj
LOAD CMakeFiles/TCD1304.dir/C_/Users/kentc/.pico-sdk/sdk/2.0.0/lib/tinyusb/src/portable/raspberrypi/rp2040/dcd_rp2040.c.obj
LOAD CMakeFiles/TCD1304.dir/C_/Users/kentc/.pico-sdk/sdk/2.0.0/lib/tinyusb/src/portable/raspberrypi/rp2040/rp2040_usb.c.obj
LOAD CMakeFiles/TCD1304.dir/C_/Users/kentc/.pico-sdk/sdk/2.0.0/lib/tinyusb/src/device/usbd.c.obj
LOAD CMakeFiles/TCD1304.dir/C_/Users/kentc/.pico-sdk/sdk/2.0.0/lib/tinyusb/src/device/usbd_control.c.obj
LOAD CMakeFiles/TCD1304.dir/C_/Users/kentc/.pico-sdk/sdk/2.0.0/lib/tinyusb/src/class/audio/audio_device.c.obj